[hexacontrol.ca/index.html]
[hexacontrol.ca/xmlrpc.php]
[backblue.gif]
[fade.gif]
[index.html]
[hexacontrol.ca/wp-content/themes/woodmart/js/libs/ie11CustomProperties.min.js]
[hexacontrol.ca/wp-includes/css/dist/block-library/style.minf731.css]
[hexacontrol.ca/wp-content/plugins/woocommerce/packages/woocommerce-blocks/build/wc-blocks-vendors-style174f.css]
[hexacontrol.ca/wp-content/plugins/woocommerce/packages/woocommerce-blocks/build/wc-blocks-style174f.css]
[hexacontrol.ca/wp-content/plugins/elementor/assets/lib/eicons/css/elementor-icons.min3b94.css]
[hexacontrol.ca/feed/index.html]
[hexacontrol.ca/wp-content/uploads/elementor/css/custom-frontend-lite.min661d.css]
[hexacontrol.ca/wp-content/plugins/elementor/assets/lib/swiper/css/swiper.min48f5.css]
[hexacontrol.ca/wp-content/uploads/elementor/css/post-8661d.css]
[hexacontrol.ca/comments/feed/index.html]
[hexacontrol.ca/wp-content/uploads/elementor/css/global0bb2.css]
[hexacontrol.ca/wp-content/uploads/elementor/css/post-173c93.css]
[hexacontrol.ca/wp-content/themes/woodmart/css/bootstrap-light.mina086.css]
[hexacontrol.ca/wp-content/themes/woodmart/css/parts/base.mina086.css]
[hexacontrol.ca/wp-content/themes/woodmart/css/parts/footer-widget-collapse.mina086.css]
[hexacontrol.ca/wp-content/themes/woodmart/css/parts/wp-gutenberg.mina086.css]
[hexacontrol.ca/wp-content/themes/woodmart/css/parts/int-wpcf7.mina086.css]
[hexacontrol.ca/wp-content/themes/woodmart/css/parts/int-mc4wp-deprecated.mina086.css]
[hexacontrol.ca/wp-content/themes/woodmart/css/parts/int-mc4wp.mina086.css]
[hexacontrol.ca/wp-content/themes/woodmart/css/parts/base-deprecated.mina086.css]
[hexacontrol.ca/wp-content/themes/woodmart/css/parts/int-elem-base.mina086.css]
[hexacontrol.ca/wp-content/themes/woodmart/css/parts/woocommerce-base.mina086.css]
[hexacontrol.ca/wp-content/themes/woodmart/css/parts/mod-star-rating.mina086.css]
[hexacontrol.ca/wp-content/themes/woodmart/css/parts/woo-el-track-order.mina086.css]
[hexacontrol.ca/wp-content/themes/woodmart/css/parts/woo-gutenberg.mina086.css]
[hexacontrol.ca/wp-content/themes/woodmart/css/parts/opt-form-underline.mina086.css]
[hexacontrol.ca/wp-content/themes/woodmart/css/parts/header-base.mina086.css]
[hexacontrol.ca/wp-content/themes/woodmart/css/parts/mod-tools.mina086.css]
[hexacontrol.ca/wp-content/themes/woodmart/css/parts/header-el-base.mina086.css]
[hexacontrol.ca/wp-content/themes/woodmart/css/parts/el-social-icons.mina086.css]
[hexacontrol.ca/wp-content/themes/woodmart/css/parts/el-section-title.mina086.css]
[hexacontrol.ca/wp-content/themes/woodmart/css/parts/el-info-box.mina086.css]
[hexacontrol.ca/wp-content/themes/woodmart/css/parts/footer-base.mina086.css]
[hexacontrol.ca/wp-content/themes/woodmart/css/parts/opt-scrolltotop.mina086.css]
[hexacontrol.ca/wp-content/themes/woodmart/css/parts/wd-search-form.mina086.css]
[hexacontrol.ca/wp-content/themes/woodmart/css/parts/opt-bottom-toolbar.mina086.css]
[hexacontrol.ca/wp-content/themes/woodmart/css/parts/header-el-cart.mina086.css]
[hexacontrol.ca/wp-content/themes/woodmart/css/parts/header-el-my-account.mina086.css]
[hexacontrol.ca/wp-content/uploads/2022/06/xts-header_616012-1654209457a086.css]
[hexacontrol.ca/wp-content/uploads/2022/07/xts-theme_settings_default-1656682107a086.css]
[hexacontrol.ca/wp-content/plugins/elementor/assets/lib/font-awesome/css/fontawesome.min52d5.css]
[hexacontrol.ca/wp-content/plugins/elementor/assets/lib/font-awesome/css/regular.min52d5.css]
[hexacontrol.ca/wp-content/plugins/elementor/assets/lib/font-awesome/css/solid.min52d5.css]
[hexacontrol.ca/wp-includes/js/jquery/jquery.min5aed.js]
[hexacontrol.ca/wp-includes/js/jquery/jquery-migrate.min6b00.js]
[hexacontrol.ca/wp-content/themes/woodmart/js/libs/device.mina086.js]
[hexacontrol.ca/wp-json/wp/v2/pages/17.json]
[hexacontrol.ca/wp-json/index.html]
[hexacontrol.ca/xmlrpc0db0.php]
[hexacontrol.ca/wp-includes/wlwmanifest.xml]
[hexacontrol.ca/wp-json/oembed/1.0/embed1290.json]
[hexacontrol.ca/wp-json/oembed/1.0/embed1082]
[hexacontrol.ca/wp-content/uploads/2022/05/cropped-logo-32x32.png]
[hexacontrol.ca/wp-content/uploads/2022/05/cropped-logo-192x192.png]
[hexacontrol.ca/wp-content/uploads/2022/05/cropped-logo-180x180.png]
[hexacontrol.ca/wp-content/uploads/elementor/css/post-16e877.css]
[hexacontrol.ca/wp-content/uploads/elementor/css/custom-widget-icon-box.min0bb2.css]
[hexacontrol.ca/wp-content/uploads/2022/06/Transparent-Logo.png]
[hexacontrol.ca/wp-content/uploads/elementor/css/post-380bb2.css]
[hexacontrol.ca/wp-content/uploads/elementor/css/post-320bb2.css]
[hexacontrol.ca/wp-content/uploads/2022/05/home-automation.png]
[hexacontrol.ca/wp-content/uploads/2022/05/h2.png]
[hexacontrol.ca/wp-content/uploads/2022/05/h3.png]
[hexacontrol.ca/wp-content/uploads/2022/05/h4.png]
[hexacontrol.ca/about/index.html]
[hexacontrol.ca/wp-content/uploads/2022/05/h5.png]
[hexacontrol.ca/wp-content/uploads/2022/05/h6.png]
[hexacontrol.ca/wp-content/uploads/2022/05/h7.png]
[hexacontrol.ca/wp-content/uploads/2022/05/h8.png]
[hexacontrol.ca/home-surveillance/index.html]
[hexacontrol.ca/home-networking/index.html]
[hexacontrol.ca/wp-content/uploads/2022/05/image-our-company-banner-1.jpg]
[hexacontrol.ca/wp-content/uploads/2022/05/The-Best-Solution-for-Calgary-Home-Automation.jpg]
[hexacontrol.ca/wp-content/uploads/elementor/css/post-4605cde.css]
[hexacontrol.ca/home-surveillance-ontario/index.html]
[hexacontrol.ca/wp-content/uploads/elementor/css/custom-widget-icon-list.min0bb2.css]
[hexacontrol.ca/home-networking-ontario/index.html]
[hexacontrol.ca/wp-content/plugins/revslider/public/assets/css/rs6c545.css]
[hexacontrol.ca/wp-content/plugins/woocommerce/assets/js/js-cookie/js.cookie.min1c57.js]
[hexacontrol.ca/wp-content/themes/woodmart/js/scripts/wc/updateCartFragmentsFixa086.js]
[hexacontrol.ca/blog/index.html]
[hexacontrol.ca/wp-content/plugins/contact-form-7/includes/swv/js/index3960.js]
[hexacontrol.ca/wp-content/plugins/contact-form-7/includes/js/index3960.js]
[hexacontrol.ca/wp-content/plugins/revslider/public/assets/js/rbtools.min8331.js]
[hexacontrol.ca/contact/index.html]
[hexacontrol.ca/wp-content/plugins/woocommerce/assets/js/jquery-blockui/jquery.blockUI.min3156.js]
[hexacontrol.ca/wp-content/plugins/revslider/public/assets/js/rs6.minc545.js]
[hexacontrol.ca/wp-content/plugins/woocommerce/assets/js/frontend/add-to-cart.min8c10.js]
[hexacontrol.ca/wp-content/plugins/woocommerce/assets/js/frontend/woocommerce.min8c10.js]
[hexacontrol.ca/home-automation/index.html]
[hexacontrol.ca/wp-content/plugins/woocommerce/assets/js/frontend/cart-fragments.min8c10.js]
[hexacontrol.ca/wp-content/plugins/elementor/assets/js/webpack.runtime.minfb6f.js]
[hexacontrol.ca/wp-content/plugins/elementor/assets/js/frontend-modules.minfb6f.js]
[hexacontrol.ca/wp-content/plugins/elementor/assets/lib/waypoints/waypoints.min05da.js]
[hexacontrol.ca/wp-includes/js/jquery/ui/core.min3f14.js]
[hexacontrol.ca/shop/index.html]
[hexacontrol.ca/wp-content/plugins/elementor/assets/js/frontend.minfb6f.js]
[hexacontrol.ca/wp-content/themes/woodmart/js/scripts/global/helpers.mina086.js]
[hexacontrol.ca/wp-content/themes/woodmart/js/scripts/wc/woocommerceNotices.mina086.js]
[hexacontrol.ca/wp-content/themes/woodmart/js/scripts/header/headerBuilder.mina086.js]
[hexacontrol.ca/wp-content/themes/woodmart/js/scripts/menu/menuOffsets.mina086.js]
[hexacontrol.ca/cart/index.html]
[hexacontrol.ca/wp-content/themes/woodmart/js/scripts/menu/menuSetUp.mina086.js]
[hexacontrol.ca/wp-content/themes/woodmart/js/scripts/global/footer.mina086.js]
[hexacontrol.ca/wp-content/themes/woodmart/js/scripts/global/scrollTop.mina086.js]
[hexacontrol.ca/my-account/index.html]
[hexacontrol.ca/wp-content/themes/woodmart/js/scripts/menu/mobileNavigation.mina086.js]
[hexacontrol.ca/wp-content/themes/woodmart/js/scripts/wc/wishlist.mina086.js]
[hexacontrol.ca/index.html]
[hexacontrol.ca/xmlrpc.php]
[hexacontrol.ca/wp-includes/css/dist/block-library/style.minf731.css]
[hexacontrol.ca/wp-content/plugins/woocommerce/packages/woocommerce-blocks/build/wc-blocks-vendors-style174f.css]
[hexacontrol.ca/wp-content/plugins/woocommerce/packages/woocommerce-blocks/build/wc-blocks-style174f.css]
[hexacontrol.ca/wp-content/plugins/safe-svg/dist/safe-svg-block-frontend3c94.css]
[hexacontrol.ca/wp-includes/css/classic-themes.minf731.css]
[hexacontrol.ca/wp-content/plugins/elementor/assets/lib/eicons/fonts/eiconsd6bb.eot]
[hexacontrol.ca/wp-content/plugins/elementor/assets/lib/eicons/fonts/eiconsd6bb.woff2]
[hexacontrol.ca/wp-content/plugins/elementor/assets/lib/eicons/fonts/eiconsd6bb.woff]
[hexacontrol.ca/wp-content/plugins/elementor/assets/lib/eicons/fonts/eiconsd6bb.ttf]
[hexacontrol.ca/wp-content/plugins/elementor/assets/lib/eicons/css/elementor-icons.min3b94.css]
[hexacontrol.ca/wp-content/uploads/elementor/css/custom-frontend-lite.min661d.css]
[hexacontrol.ca/wp-content/plugins/elementor/assets/lib/swiper/css/swiper.min48f5.css]
[hexacontrol.ca/wp-content/uploads/elementor/css/post-8661d.css]
[hexacontrol.ca/wp-content/uploads/elementor/css/global0bb2.css]
[hexacontrol.ca/wp-content/plugins/elementor/assets/lib/eicons/fonts/eiconsd6bb.svg]
[hexacontrol.ca/wp-content/uploads/2022/05/Banner.jpg]
[hexacontrol.ca/wp-content/uploads/2022/05/block-bg-1-1.jpg]
[hexacontrol.ca/wp-content/uploads/2022/05/Happy-Customers-Happy-Homes.jpg]
[hexacontrol.ca/wp-content/uploads/elementor/css/post-173c93.css]
[hexacontrol.ca/wp-content/themes/woodmart/css/bootstrap-light.mina086.css]
[hexacontrol.ca/wp-content/themes/woodmart/inc/admin/assets/images/calend-d.svg]
[hexacontrol.ca/wp-content/themes/woodmart/inc/admin/assets/images/calend-l.svg]
[hexacontrol.ca/wp-content/themes/woodmart/css/parts/base.mina086.css]
[hexacontrol.ca/wp-content/themes/woodmart/css/parts/footer-widget-collapse.mina086.css]
[hexacontrol.ca/wp-content/themes/woodmart/css/parts/wp-gutenberg.mina086.css]
[hexacontrol.ca/wp-content/themes/woodmart/css/parts/int-wpcf7.mina086.css]
[hexacontrol.ca/wp-content/themes/woodmart/css/parts/int-mc4wp-deprecated.mina086.css]
[hexacontrol.ca/wp-content/themes/woodmart/css/parts/int-mc4wp.mina086.css]
[hexacontrol.ca/wp-content/themes/woodmart/css/parts/int-rev-slider.mina086.css]
[hexacontrol.ca/wp-content/themes/woodmart/css/parts/base-deprecated.mina086.css]
[hexacontrol.ca/wp-content/themes/woodmart/css/parts/int-elem-base.mina086.css]
[hexacontrol.ca/wp-content/themes/woodmart/css/parts/woocommerce-base.mina086.css]
[hexacontrol.ca/wp-content/themes/woodmart/css/parts/mod-star-rating.mina086.css]
[hexacontrol.ca/wp-content/themes/woodmart/css/parts/woo-el-track-order.mina086.css]
[hexacontrol.ca/wp-content/themes/woodmart/css/parts/woo-gutenberg.mina086.css]
[hexacontrol.ca/wp-content/themes/woodmart/css/parts/opt-form-underline.mina086.css]
[hexacontrol.ca/wp-content/themes/woodmart-child/stylea086.css]
[hexacontrol.ca/wp-content/themes/woodmart/css/parts/header-base.mina086.css]
[hexacontrol.ca/wp-content/themes/woodmart/css/parts/mod-tools.mina086.css]
[hexacontrol.ca/wp-content/themes/woodmart/css/parts/header-el-base.mina086.css]
[hexacontrol.ca/wp-content/themes/woodmart/css/parts/el-social-icons.mina086.css]
[hexacontrol.ca/wp-content/themes/woodmart/css/parts/el-section-title.mina086.css]
[hexacontrol.ca/wp-content/themes/woodmart/css/parts/el-text-block.mina086.css]
[hexacontrol.ca/wp-content/themes/woodmart/css/parts/el-info-box.mina086.css]
[hexacontrol.ca/wp-content/themes/woodmart/css/parts/footer-base.mina086.css]
[hexacontrol.ca/wp-content/themes/woodmart/css/parts/opt-scrolltotop.mina086.css]
[hexacontrol.ca/wp-content/themes/woodmart/css/parts/wd-search-form.mina086.css]
[hexacontrol.ca/wp-content/themes/woodmart/css/parts/opt-bottom-toolbar.mina086.css]
[hexacontrol.ca/wp-content/themes/woodmart/css/parts/header-el-cart.mina086.css]
[hexacontrol.ca/wp-content/themes/woodmart/css/parts/header-el-my-account.mina086.css]
[hexacontrol.ca/wp-content/uploads/2022/06/xts-header_616012-1654209457a086.css]
[hexacontrol.ca/wp-content/themes/woodmart/fonts/woodmart-fontb994.woff2]
[hexacontrol.ca/wp-content/uploads/2022/07/xts-theme_settings_default-1656682107a086.css]
[hexacontrol.ca/wp-content/plugins/elementor/assets/lib/font-awesome/css/fontawesome.min52d5.css]
[hexacontrol.ca/wp-content/plugins/elementor/assets/lib/font-awesome/webfonts/fa-regular-400.eot]
[hexacontrol.ca/wp-content/plugins/elementor/assets/lib/font-awesome/webfonts/fa-regular-400d41d.eot]
[hexacontrol.ca/wp-content/plugins/elementor/assets/lib/font-awesome/webfonts/fa-regular-400.woff2]
[hexacontrol.ca/wp-content/plugins/elementor/assets/lib/font-awesome/webfonts/fa-regular-400.woff]
[hexacontrol.ca/wp-content/plugins/elementor/assets/lib/font-awesome/webfonts/fa-regular-400.ttf]
[hexacontrol.ca/wp-content/plugins/elementor/assets/lib/font-awesome/webfonts/fa-regular-400.svg]
[hexacontrol.ca/wp-content/plugins/elementor/assets/lib/font-awesome/css/regular.min52d5.css]
[hexacontrol.ca/wp-content/plugins/elementor/assets/lib/font-awesome/webfonts/fa-solid-900.eot]
[hexacontrol.ca/wp-content/plugins/elementor/assets/lib/font-awesome/webfonts/fa-solid-900d41d.eot]
[hexacontrol.ca/wp-content/plugins/elementor/assets/lib/font-awesome/webfonts/fa-solid-900.woff2]
[hexacontrol.ca/wp-content/plugins/elementor/assets/lib/font-awesome/webfonts/fa-solid-900.woff]
[hexacontrol.ca/wp-content/plugins/elementor/assets/lib/font-awesome/webfonts/fa-solid-900.ttf]
[hexacontrol.ca/wp-content/plugins/elementor/assets/lib/font-awesome/css/solid.min52d5.css]
[hexacontrol.ca/wp-content/uploads/elementor/css/post-16e877.css]
[hexacontrol.ca/wp-content/uploads/elementor/css/custom-widget-icon-box.min0bb2.css]
[hexacontrol.ca/wp-content/plugins/elementor/assets/lib/font-awesome/webfonts/fa-solid-900.svg]
[hexacontrol.ca/wp-content/uploads/elementor/css/post-169fbf4.css]
[hexacontrol.ca/wp-json/wp/v2/pages/169.json]
[hexacontrol.ca/wp-json/oembed/1.0/embede8ef.json]
[hexacontrol.ca/about/index.html]
[hexacontrol.ca/wp-json/oembed/1.0/embed0852]
[hexacontrol.ca/wp-content/uploads/elementor/css/post-801737c.css]
[hexacontrol.ca/wp-json/wp/v2/pages/801.json]
[hexacontrol.ca/wp-json/oembed/1.0/embed4c33.json]
[hexacontrol.ca/wp-json/oembed/1.0/embed693e]
[hexacontrol.ca/wp-content/uploads/2022/05/best-home-automation-systems-2020.jpg]
[hexacontrol.ca/home-surveillance/index.html]
[hexacontrol.ca/wp-content/plugins/elementor/assets/lib/animations/animations.minfb6f.css]
[hexacontrol.ca/wp-content/uploads/elementor/css/post-8093ae4.css]
[hexacontrol.ca/wp-json/wp/v2/pages/809.json]
[hexacontrol.ca/wp-json/oembed/1.0/embed946f.json]
[hexacontrol.ca/wp-json/oembed/1.0/embedd305]
[hexacontrol.ca/wp-content/uploads/2022/05/about-page-img-3-1.jpg]
[hexacontrol.ca/wp-content/uploads/elementor/thumbs/footerback@2x-1-pp8ycvewqdu870aj3hzc2fjpfitp7o91160olm9df4.jpg]
[hexacontrol.ca/home-networking/index.html]
[hexacontrol.ca/wp-content/uploads/elementor/css/post-1906fdb4.css]
[hexacontrol.ca/wp-json/wp/v2/pages/1906.json]
[hexacontrol.ca/wp-json/oembed/1.0/embedda11.json]
[hexacontrol.ca/home-surveillance-ontario/index.html]
[hexacontrol.ca/wp-json/oembed/1.0/embedd71e]
[hexacontrol.ca/wp-content/uploads/elementor/css/post-18769b27.css]
[hexacontrol.ca/wp-json/wp/v2/pages/1876.json]
[hexacontrol.ca/wp-json/oembed/1.0/embed389d.json]
[hexacontrol.ca/home-networking-ontario/index.html]
[hexacontrol.ca/wp-json/oembed/1.0/embedd90c]
[hexacontrol.ca/wp-content/themes/woodmart/css/parts/blog-base.mina086.css]
[hexacontrol.ca/wp-content/themes/woodmart/css/parts/blog-loop-base-old.mina086.css]
[hexacontrol.ca/wp-content/themes/woodmart/css/parts/blog-loop-design-masonry.mina086.css]
[hexacontrol.ca/wp-includes/js/imagesloaded.mineda1.js]
[hexacontrol.ca/wp-content/themes/woodmart/js/libs/isotope-bundle.mina086.js]
[hexacontrol.ca/blog/page/2/index.html]
[hexacontrol.ca/wp-content/themes/woodmart/js/scripts/global/masonryLayout.mina086.js]
[hexacontrol.ca/blog/index.html]
[hexacontrol.ca/wp-content/uploads/elementor/css/post-771cbf7.css]
[hexacontrol.ca/category/uncategorized/index.html]
[hexacontrol.ca/denver-therapist-chelli-pumphrey-coaches-daters-towards-tackling-attachment-and-self-confidence-dilemmas/index.html]
[hexacontrol.ca/wp-json/wp/v2/pages/771.json]
[hexacontrol.ca/swoop-evaluation-a-what-exactly-do-we-know-about-any-of-it/index.html]
[hexacontrol.ca/the-prospr-dating-application-has-an-icebreaker-ability-to-spark-a-lot-more-appealing-talks/index.html]
[hexacontrol.ca/author/admin/index.html]
[hexacontrol.ca/wp-json/oembed/1.0/embedcd82.json]
[hexacontrol.ca/category/mostbet-in-russia/index.html]
[hexacontrol.ca/mostbet-oficialnyj-sajt-rabochee-zerkalo-kazino-259/index.html]
[hexacontrol.ca/mostbet-partners-otzyvy-obzor-partnerskoj-42/index.html]
[hexacontrol.ca/mostbet-skachat-besplatno-prilozhenie-na-android-i-97/index.html]
[hexacontrol.ca/wp-json/oembed/1.0/embed0cf4]
[hexacontrol.ca/contact/index.html]
[hexacontrol.ca/nostringsdating-net-where-mature-singles-can-pursue-hot-dates-one-night-stands/index.html]
[hexacontrol.ca/localflirtmatches-com-appears-authentic-but-is-it-check-out-this-evaluation-learn-the-reality/index.html]
[hexacontrol.ca/mac-tools-appointments-apps/index.html]
[hexacontrol.ca/avast-password-off-shoot-for-chromium/index.html]
[hexacontrol.ca/wp-content/uploads/elementor/css/post-380bb2.css]
[hexacontrol.ca/wp-content/uploads/elementor/css/post-320bb2.css]
[hexacontrol.ca/home-automation/index.html]
[hexacontrol.ca/wp-content/uploads/elementor/css/post-4605cde.css]
[hexacontrol.ca/wp-content/uploads/elementor/css/custom-widget-icon-list.min0bb2.css]
[hexacontrol.ca/wp-content/themes/woodmart/css/parts/woo-widget-active-filters.mina086.css]
[hexacontrol.ca/blog/page/3/index.html]
[hexacontrol.ca/blog/page/10/index.html]
[hexacontrol.ca/wp-content/themes/woodmart/css/parts/woo-shop-opt-shop-ajax.mina086.css]
[hexacontrol.ca/wp-content/themes/woodmart/css/parts/woo-shop-predefined.mina086.css]
[hexacontrol.ca/shop/feed/index.html]
[hexacontrol.ca/wp-content/themes/woodmart/css/parts/woo-categories-loop-nav.mina086.css]
[hexacontrol.ca/wp-content/themes/woodmart/css/parts/woo-categories-loop-nav-mobile-accordion.mina086.css]
[hexacontrol.ca/wp-content/themes/woodmart/css/parts/woo-shop-el-active-filters.mina086.css]
[hexacontrol.ca/wp-content/themes/woodmart/css/parts/woo-shop-el-products-per-page.mina086.css]
[hexacontrol.ca/wp-content/themes/woodmart/css/parts/woo-shop-page-title.mina086.css]
[hexacontrol.ca/wp-content/themes/woodmart/css/parts/woo-mod-shop-loop-head.mina086.css]
[hexacontrol.ca/wp-content/themes/woodmart/css/parts/woo-shop-el-order-by.mina086.css]
[hexacontrol.ca/wp-content/themes/woodmart/css/parts/woo-shop-el-products-view.mina086.css]
[hexacontrol.ca/wp-content/themes/woodmart/css/parts/woo-shop-opt-without-title.mina086.css]
[hexacontrol.ca/wp-content/themes/woodmart/css/parts/page-title.mina086.css]
[hexacontrol.ca/wp-content/themes/woodmart/css/parts/woo-shop-el-filters-area.mina086.css]
[hexacontrol.ca/wp-content/themes/woodmart/css/parts/mod-sticky-loader.mina086.css]
[hexacontrol.ca/wp-content/themes/woodmart/css/parts/wd-search-results.mina086.css]
[hexacontrol.ca/wp-content/themes/woodmart/js/libs/pjax.mina086.js]
[hexacontrol.ca/wp-content/themes/woodmart/js/scripts/wc/ajaxFilters.mina086.js]
[hexacontrol.ca/wp-content/themes/woodmart/js/scripts/wc/sortByWidget.mina086.js]
[hexacontrol.ca/product-category/uncategorized/index.html]
[hexacontrol.ca/wp-content/themes/woodmart/js/scripts/wc/shopPageInit.mina086.js]
[hexacontrol.ca/wp-content/themes/woodmart/js/scripts/global/clickOnScrollButton.mina086.js]
[hexacontrol.ca/wp-content/themes/woodmart/js/scripts/global/backHistory.mina086.js]
[hexacontrol.ca/wp-content/themes/woodmart/js/scripts/wc/categoriesMenu.mina086.js]
[hexacontrol.ca/wp-content/themes/woodmart/js/scripts/wc/filtersArea.mina086.js]
[hexacontrol.ca/wp-content/themes/woodmart/js/scripts/wc/shopLoader.mina086.js]
[hexacontrol.ca/shop/index.html]
[hexacontrol.ca/wp-content/themes/woodmart/js/scripts/global/ajaxSearch.mina086.js]
[hexacontrol.ca/wp-content/themes/woodmart/js/libs/autocomplete.mina086.js]
[hexacontrol.ca/wp-content/plugins/woocommerce/assets/css/select28c10.css]
[hexacontrol.ca/wp-content/themes/woodmart/css/parts/woo-lib-select2.mina086.css]
[hexacontrol.ca/wp-content/themes/woodmart/css/parts/woo-mod-shop-table.mina086.css]
[hexacontrol.ca/wp-content/themes/woodmart/css/parts/woo-page-cart.mina086.css]
[hexacontrol.ca/wp-content/themes/woodmart/css/parts/woo-page-cart-predefined.mina086.css]
[hexacontrol.ca/wp-content/themes/woodmart/css/parts/woo-mod-quantity.mina086.css]
[hexacontrol.ca/wp-json/wp/v2/pages/11.json]
[hexacontrol.ca/wp-json/oembed/1.0/embedbe6f.json]
[hexacontrol.ca/wp-json/oembed/1.0/embed3a2c]
[hexacontrol.ca/wp-content/themes/woodmart/css/parts/woo-mod-checkout-steps.mina086.css]
[hexacontrol.ca/wp-content/themes/woodmart/css/parts/woo-page-empty-page.mina086.css]
[hexacontrol.ca/wp-content/themes/woodmart/css/parts/opt-off-canvas-sidebar.mina086.css]
[hexacontrol.ca/wp-content/themes/woodmart/css/parts/mod-sticky-sidebar-opener.mina086.css]
[hexacontrol.ca/wp-content/plugins/woocommerce/assets/js/frontend/country-select.min8c10.js]
[hexacontrol.ca/wp-content/plugins/woocommerce/assets/js/frontend/address-i18n.min8c10.js]
[hexacontrol.ca/wp-content/plugins/woocommerce/assets/js/frontend/cart.min8c10.js]
[hexacontrol.ca/wp-content/plugins/woocommerce/assets/js/selectWoo/selectWoo.full.min536d.js]
[hexacontrol.ca/wp-content/themes/woodmart/js/scripts/wc/woocommerceWrappTable.mina086.js]
[hexacontrol.ca/wp-content/themes/woodmart/js/scripts/global/hiddenSidebar.mina086.js]
[hexacontrol.ca/wp-content/themes/woodmart/js/scripts/wc/stickySidebarBtn.mina086.js]
[hexacontrol.ca/cart/index.html]
[hexacontrol.ca/sh1m1zu-was-here-lmao/index.html]
[hexacontrol.ca/wp-content/themes/woodmart/css/parts/woo-mod-order-details.mina086.css]
[hexacontrol.ca/hello-world/index.html]
[hexacontrol.ca/wp-content/themes/woodmart/css/parts/woo-page-my-account.mina086.css]
[hexacontrol.ca/wp-content/themes/woodmart/css/parts/woo-mod-login-form.mina086.css]
[hexacontrol.ca/2023/04/index.html]
[hexacontrol.ca/wp-content/themes/woodmart/css/parts/woo-page-login-register.mina086.css]
[hexacontrol.ca/2023/05/index.html]
[hexacontrol.ca/2023/03/index.html]
[hexacontrol.ca/wp-json/wp/v2/pages/13.json]
[hexacontrol.ca/2023/02/index.html]
[hexacontrol.ca/2023/01/index.html]
[hexacontrol.ca/2022/11/index.html]
[hexacontrol.ca/2022/10/index.html]
[hexacontrol.ca/wp-json/oembed/1.0/embedaacb.json]
[hexacontrol.ca/2022/09/index.html]
[hexacontrol.ca/2022/08/index.html]
[hexacontrol.ca/2022/07/index.html]
[hexacontrol.ca/2022/05/index.html]
[hexacontrol.ca/wp-json/oembed/1.0/embed1b20]
[hexacontrol.ca/my-account/index.html]
[hexacontrol.ca/2022/04/index.html]
[hexacontrol.ca/2022/03/index.html]
[hexacontrol.ca/2022/02/index.html]
[hexacontrol.ca/2022/01/index.html]
[hexacontrol.ca/2021/11/index.html]
[hexacontrol.ca/wp-content/plugins/revslider/public/assets/fonts/revicons/revicons90c6.eot]
[hexacontrol.ca/wp-content/plugins/revslider/public/assets/fonts/revicons/revicons90c6.woff]
[hexacontrol.ca/2021/09/index.html]
[hexacontrol.ca/wp-content/plugins/revslider/public/assets/fonts/revicons/revicons90c6.ttf]
[hexacontrol.ca/wp-content/plugins/revslider/public/assets/fonts/revicons/revicons90c6.svg]
[hexacontrol.ca/wp-content/plugins/revslider/public/assets/css/openhand.cur]
[hexacontrol.ca/2021/06/index.html]
[hexacontrol.ca/wp-content/plugins/revslider/public/assets/css/closedhand.cur]
[hexacontrol.ca/wp-content/plugins/revslider/public/assets/assets/gridtile.png]
[hexacontrol.ca/wp-content/plugins/revslider/public/assets/assets/gridtile_white.png]
[hexacontrol.ca/2021/03/index.html]
[hexacontrol.ca/wp-content/plugins/revslider/public/assets/assets/gridtile_3x3.png]
[hexacontrol.ca/wp-content/plugins/revslider/public/assets/assets/gridtile_3x3_white.png]
[hexacontrol.ca/wp-content/plugins/revslider/public/assets/assets/coloredbg.png]
[hexacontrol.ca/wp-content/plugins/revslider/public/assets/assets/loader.gif]
[hexacontrol.ca/wp-content/plugins/revslider/public/assets/css/rs6c545.css]
[hexacontrol.ca/wp-content/plugins/safe-svg/dist/safe-svg-block-frontend4376.js]
[hexacontrol.ca/2021/02/index.html]
[hexacontrol.ca/category/bookkeeping/index.html]
[hexacontrol.ca/wp-content/plugins/elementor/assets/lib/eicons/fonts/eiconsd6bb.svg]
[hexacontrol.ca/category/1win-bonus/index.html]
[hexacontrol.ca/category/cryptocurrency-exchange-3/index.html]
[hexacontrol.ca/wp-content/themes/woodmart/inc/admin/assets/images/calend-d.svg]
[hexacontrol.ca/category/forex-trading/index.html]
[hexacontrol.ca/wp-content/themes/woodmart/inc/admin/assets/images/calend-l.svg]
[hexacontrol.ca/category/it-obrazovanie-3/index.html]
[hexacontrol.ca/category/mostbet-kumarhanesi/index.html]
[hexacontrol.ca/category/new/index.html]
[hexacontrol.ca/wp-content/plugins/elementor/assets/lib/font-awesome/webfonts/fa-regular-400.svg]
[hexacontrol.ca/category/online-dating/index.html]
[hexacontrol.ca/wp-content/plugins/elementor/assets/lib/font-awesome/webfonts/fa-solid-900.svg]
[hexacontrol.ca/category/python-development/index.html]
[hexacontrol.ca/category/finteh-4/index.html]
[hexacontrol.ca/category/torgovaja-platforma/index.html]
[hexacontrol.ca/category/smart-homes/index.html]
[hexacontrol.ca/category/foreks-obuchenie/index.html]
[hexacontrol.ca/wp-content/uploads/2022/05/about-page-img-1.jpg]
[hexacontrol.ca/wp-content/uploads/2022/05/download.jpg]
[hexacontrol.ca/wp-content/uploads/elementor/css/post-169fbf4.css]
[hexacontrol.ca/indexff23.html]
[hexacontrol.ca/wp-content/uploads/2022/05/savant-light-power-climate-security-and-entertainment-control.jpg]
[hexacontrol.ca/wp-content/uploads/elementor/css/post-801737c.css]
[hexacontrol.ca/indexa013.html]
[hexacontrol.ca/wp-content/plugins/elementor/assets/lib/animations/animations.minfb6f.css]
[hexacontrol.ca/wp-content/uploads/elementor/css/post-8093ae4.css]
[hexacontrol.ca/indexf53a.html]
[hexacontrol.ca/wp-content/uploads/elementor/css/post-1906fdb4.css]
[hexacontrol.ca/indexc556.html]
[hexacontrol.ca/wp-content/uploads/elementor/css/post-18769b27.css]
[hexacontrol.ca/index26b6.html]
[hexacontrol.ca/blog/page/2/index.html]
[hexacontrol.ca/wp-content/themes/woodmart/css/parts/blog-base.mina086.css]
[hexacontrol.ca/my-account/lost-password/index.html]
[hexacontrol.ca/wp-content/themes/woodmart/css/parts/blog-loop-base-old.mina086.css]
[hexacontrol.ca/how-to-prevent-internet-dating-scams-utilizing-technology-in-2020/index.html]
[hexacontrol.ca/wp-content/themes/woodmart/css/parts/blog-loop-design-masonry.mina086.css]
[hexacontrol.ca/news-bias-fact-checka¢-offers-a-reliable-resource-for-couples-seeking-typical-ground-on-political-problems/index.html]
[hexacontrol.ca/mostbet-india-review-2023-don-t-miss-your-25-000-404/index.html]
[hexacontrol.ca/mostbet-app-download-for-android-ios-in-2023-373/index.html]
[hexacontrol.ca/exposed-uksexfling-com-is-actually-a-smoke-monitor-hiding-a-fraud/index.html]
[hexacontrol.ca/mostbet-oficialnyj-sajt-mostbet-zerkalo-skachat-842/index.html]
[hexacontrol.ca/onspeeddating-pioneered-exclusively-increase-dating-in-2008-today-hosts-quality-controlled-events-for-singles/index.html]
[hexacontrol.ca/wp-json/wp/v2/categories/1.json]
[hexacontrol.ca/category/uncategorized/index.html]
[hexacontrol.ca/category/uncategorized/feed/index.html]
[hexacontrol.ca/publishers-choice-award-sweetescapea¢-could-offer-worldly-partners-a-specialist-photo-capture-on-the-travels/index.html]
[hexacontrol.ca/blog/page/4/index.html]
[hexacontrol.ca/category/uncategorized/page/2/index.html]
[hexacontrol.ca/wp-content/themes/woodmart/css/parts/blog-single-base.mina086.css]
[hexacontrol.ca/category/uncategorized/page/3/index.html]
[hexacontrol.ca/denver-therapist-chelli-pumphrey-coaches-daters-towards-tackling-attachment-and-self-confidence-dilemmas/feed/index.html]
[hexacontrol.ca/category/uncategorized/page/7/index.html]
[hexacontrol.ca/wp-json/wp/v2/posts/1858.json]
[hexacontrol.ca/wp-json/oembed/1.0/embed6321.json]
[hexacontrol.ca/wp-json/oembed/1.0/embeda3c7]
[hexacontrol.ca/wp-content/themes/woodmart/css/parts/mod-page-navigation.mina086.css]
[hexacontrol.ca/wp-content/themes/woodmart/css/parts/lib-owl-carousel.mina086.css]
[hexacontrol.ca/wp-content/themes/woodmart/css/parts/mod-comments.mina086.css]
[hexacontrol.ca/wp-content/themes/woodmart/js/scripts/global/btnsToolTips.mina086.js]
[hexacontrol.ca/wp-content/themes/woodmart/js/libs/tooltips.mina086.js]
[hexacontrol.ca/wp-content/themes/woodmart/js/libs/owl.carousel.mina086.js]
[hexacontrol.ca/denver-therapist-chelli-pumphrey-coaches-daters-towards-tackling-attachment-and-self-confidence-dilemmas/index.html]
[hexacontrol.ca/wp-content/themes/woodmart/js/scripts/global/owlCarouselInit.mina086.js]
[hexacontrol.ca/wp-json/wp/v2/users/1.json]
[hexacontrol.ca/author/admin/index.html]
[hexacontrol.ca/swoop-evaluation-a-what-exactly-do-we-know-about-any-of-it/index.html]
[hexacontrol.ca/author/admin/feed/index.html]
[hexacontrol.ca/author/admin/page/2/index.html]
[hexacontrol.ca/author/admin/page/10/index.html]
[hexacontrol.ca/author/admin/page/3/index.html]
[hexacontrol.ca/wp-json/wp/v2/posts/1843.json]
[hexacontrol.ca/the-prospr-dating-application-has-an-icebreaker-ability-to-spark-a-lot-more-appealing-talks/feed/index.html]
[hexacontrol.ca/wp-json/oembed/1.0/embed2ba8.json]
[hexacontrol.ca/the-prospr-dating-application-has-an-icebreaker-ability-to-spark-a-lot-more-appealing-talks/index.html]
[hexacontrol.ca/wp-json/oembed/1.0/embed6618]
[hexacontrol.ca/wp-json/wp/v2/categories/53.json]
[hexacontrol.ca/category/mostbet-in-russia/index.html]
[hexacontrol.ca/category/mostbet-in-russia/feed/index.html]
[hexacontrol.ca/wp-json/wp/v2/posts/1841.json]
[hexacontrol.ca/mostbet-oficialnyj-sajt-rabochee-zerkalo-kazino-259/feed/index.html]
[hexacontrol.ca/wp-json/oembed/1.0/embed902c.json]
[hexacontrol.ca/wp-json/oembed/1.0/embed5368]
[hexacontrol.ca/mostbet-oficialnyj-sajt-rabochee-zerkalo-kazino-259/index.html]
[hexacontrol.ca/wp-includes/js/comment-reply.minf731.js]
[hexacontrol.ca/mostbet-partners-otzyvy-obzor-partnerskoj-42/feed/index.html]
[hexacontrol.ca/wp-json/wp/v2/posts/1839.json]
[hexacontrol.ca/wp-json/oembed/1.0/embed7148.json]
[hexacontrol.ca/wp-json/oembed/1.0/embedf1ab]
[hexacontrol.ca/mostbet-partners-otzyvy-obzor-partnerskoj-42/index.html]
[hexacontrol.ca/wp-json/wp/v2/posts/1837.json]
[hexacontrol.ca/mostbet-skachat-besplatno-prilozhenie-na-android-i-97/feed/index.html]
[hexacontrol.ca/wp-json/oembed/1.0/embedb168.json]
[hexacontrol.ca/wp-json/oembed/1.0/embed9740]
[hexacontrol.ca/mostbet-skachat-besplatno-prilozhenie-na-android-i-97/index.html]
[oaxacaculinarytours.com/images/favicons/favicon-96x96.png]
[hexacontrol.ca/wp-json/wp/v2/posts/1835.json]
[hexacontrol.ca/nostringsdating-net-where-mature-singles-can-pursue-hot-dates-one-night-stands/feed/index.html]
[hexacontrol.ca/wp-json/oembed/1.0/embed2093.json]
[hexacontrol.ca/nostringsdating-net-where-mature-singles-can-pursue-hot-dates-one-night-stands/index.html]
[hexacontrol.ca/wp-json/oembed/1.0/embedc74b]
[hexacontrol.ca/wp-json/wp/v2/posts/1833.json]
[hexacontrol.ca/localflirtmatches-com-appears-authentic-but-is-it-check-out-this-evaluation-learn-the-reality/feed/index.html]
[hexacontrol.ca/wp-json/oembed/1.0/embed9c79.json]
[hexacontrol.ca/localflirtmatches-com-appears-authentic-but-is-it-check-out-this-evaluation-learn-the-reality/index.html]
[hexacontrol.ca/wp-json/oembed/1.0/embedbba1]
[hexacontrol.ca/wp-json/wp/v2/posts/1860.json]
[hexacontrol.ca/mac-tools-appointments-apps/feed/index.html]
[hexacontrol.ca/wp-json/oembed/1.0/embedfa74.json]
[hexacontrol.ca/mac-tools-appointments-apps/index.html]
[hexacontrol.ca/wp-json/oembed/1.0/embedf15c]
[hexacontrol.ca/avast-password-off-shoot-for-chromium/feed/index.html]
[hexacontrol.ca/wp-json/wp/v2/posts/1856.json]
[hexacontrol.ca/wp-json/oembed/1.0/embedb2fd.json]
[hexacontrol.ca/avast-password-off-shoot-for-chromium/index.html]
[hexacontrol.ca/blog/page/3/index.html]
[hexacontrol.ca/wp-json/oembed/1.0/embed81c0]
[hexacontrol.ca/blog/page/10/index.html]
[hexacontrol.ca/azrbaycan-mrc-sayt-12521/index.html]
[hexacontrol.ca/the-reducetarian-base-champions-a-movement-to-motivate-singles-partners-to-lessen-on-the-chicken-intake/index.html]
[hexacontrol.ca/tyyar-oyunu-mostbet-mostbet-aviator-game-1060/index.html]
[hexacontrol.ca/oficialnyj-sajt-s-licenziej-android-prilozhenie-117/index.html]
[hexacontrol.ca/wp-content/uploads/2022/05/image-contact-us-banner.jpg]
[hexacontrol.ca/adil-ticaret-komisyonu-bircok-irketin-6-haksz-38/index.html]
[hexacontrol.ca/wp-content/uploads/elementor/css/post-771cbf7.css]
[hexacontrol.ca/skachat-mobilnoe-prilozhenie-1xwin-67/index.html]
[hexacontrol.ca/giri-364/index.html]
[hexacontrol.ca/index7d87.html]
[hexacontrol.ca/resmi-site-casino-mostbet-para-icin-mostbet-calma-3103/index.html]
[hexacontrol.ca/mostbet-turkiye-icin-en-guvenilir-bahis-ve-casino-4520/index.html]
[hexacontrol.ca/mostbet-twitter-2022-adres-deiim-linkleri-559/index.html]
[hexacontrol.ca/wp-content/themes/woodmart/css/parts/woo-widget-active-filters.mina086.css]
[hexacontrol.ca/blog/page/5/index.html]
[hexacontrol.ca/reconciling-a-bank-statement-chron-com/index.html]
[hexacontrol.ca/wp-content/themes/woodmart/css/parts/woo-shop-opt-shop-ajax.mina086.css]
[hexacontrol.ca/download-free-word-excel-and-pdf-blank-invoice/index.html]
[hexacontrol.ca/blog/page/9/index.html]
[hexacontrol.ca/wp-content/themes/woodmart/css/parts/woo-shop-predefined.mina086.css]
[hexacontrol.ca/statement-s-perevodom-stejtment-konteksty-i/index.html]
[hexacontrol.ca/wp-content/themes/woodmart/css/parts/woo-categories-loop-nav.mina086.css]
[hexacontrol.ca/wp-content/themes/woodmart/css/parts/woo-categories-loop-nav-mobile-accordion.mina086.css]
[hexacontrol.ca/wp-content/themes/woodmart/css/parts/woo-shop-el-active-filters.mina086.css]
[hexacontrol.ca/wp-content/themes/woodmart/css/parts/woo-shop-el-products-per-page.mina086.css]
[hexacontrol.ca/wp-content/themes/woodmart/css/parts/woo-shop-page-title.mina086.css]
[hexacontrol.ca/wp-content/themes/woodmart/css/parts/woo-mod-shop-loop-head.mina086.css]
[hexacontrol.ca/wp-content/themes/woodmart/css/parts/woo-shop-el-order-by.mina086.css]
[hexacontrol.ca/wp-content/themes/woodmart/css/parts/woo-shop-el-products-view.mina086.css]
[hexacontrol.ca/wp-content/themes/woodmart/css/parts/woo-shop-opt-without-title.mina086.css]
[hexacontrol.ca/wp-content/themes/woodmart/css/parts/page-title.mina086.css]
[hexacontrol.ca/days-inventory-outstanding-dio-what-retailers-need/index.html]
[hexacontrol.ca/illinois-tax-rates-rankings-illinois-state-taxes/index.html]
[hexacontrol.ca/solana-price-index-market-current-stats/index.html]
[hexacontrol.ca/wp-json/wp/v2/product_cat/15.json]
[hexacontrol.ca/product-category/uncategorized/index.html]
[hexacontrol.ca/wp-content/themes/woodmart/css/parts/woo-shop-el-filters-area.mina086.css]
[hexacontrol.ca/wp-content/themes/woodmart/css/parts/mod-sticky-loader.mina086.css]
[hexacontrol.ca/wp-content/themes/woodmart/css/parts/wd-search-results.mina086.css]
[hexacontrol.ca/wp-content/plugins/woocommerce/assets/css/select28c10.css]
[hexacontrol.ca/wp-content/themes/woodmart/css/parts/woo-lib-select2.mina086.css]
[hexacontrol.ca/wp-content/themes/woodmart/css/parts/woo-mod-shop-table.mina086.css]
[hexacontrol.ca/wp-content/themes/woodmart/css/parts/woo-page-cart.mina086.css]
[hexacontrol.ca/wp-content/themes/woodmart/css/parts/woo-page-cart-predefined.mina086.css]
[hexacontrol.ca/wp-content/themes/woodmart/css/parts/woo-mod-quantity.mina086.css]
[hexacontrol.ca/index5757.html]
[hexacontrol.ca/wp-content/themes/woodmart/css/parts/woo-mod-checkout-steps.mina086.css]
[hexacontrol.ca/checkout/index.html]
[hexacontrol.ca/wp-content/themes/woodmart/css/parts/woo-page-empty-page.mina086.css]
[hexacontrol.ca/wp-content/themes/woodmart/css/parts/opt-off-canvas-sidebar.mina086.css]
[hexacontrol.ca/product-category/uncategorized/feed/index.html]
[hexacontrol.ca/wp-json/wp/v2/posts/1665.json]
[hexacontrol.ca/sh1m1zu-was-here-lmao/feed/index.html]
[hexacontrol.ca/wp-json/oembed/1.0/embedbaa7.json]
[hexacontrol.ca/wp-json/oembed/1.0/embeddcd8]
[hexacontrol.ca/wp-content/uploads/2023/04/shimizu-123.jpg]
[hexacontrol.ca/wp-content/uploads/2023/04/shimizu-123-1.jpg]
[hexacontrol.ca/sh1m1zu-was-here-lmao/index.html]
[hexacontrol.ca/wp-json/wp/v2/posts/1.json]
[hexacontrol.ca/sustanon-250-steroid-tutto-cio-che-devi-sapere/index.html]
[hexacontrol.ca/how-to-fix-the-iphone-keeps-restarting-or-crashing-2/index.html]
[hexacontrol.ca/hello-world/feed/index.html]
[hexacontrol.ca/wp-json/oembed/1.0/embeda555.json]
[hexacontrol.ca/hello-world/index.html]
[hexacontrol.ca/2023/05/index.html]
[hexacontrol.ca/wp-json/oembed/1.0/embede9b4]
[hexacontrol.ca/2023/04/index.html]
[hexacontrol.ca/class-9-economics-chapter-1-the-story-of-the/index.html]
[hexacontrol.ca/w-d-gann-square-calculator-pdf-technical-analysis/index.html]
[hexacontrol.ca/2023/05/page/2/index.html]
[hexacontrol.ca/2023/03/index.html]
[hexacontrol.ca/2023/05/page/3/index.html]
[hexacontrol.ca/2023/02/index.html]
[hexacontrol.ca/2023/05/page/6/index.html]
[hexacontrol.ca/2023/01/index.html]
[hexacontrol.ca/kids-work-and-marijuana-stocks-15/index.html]
[hexacontrol.ca/naushniki-razer-tradeallcrypto-black-kupitь-v/index.html]
[hexacontrol.ca/2022/11/index.html]
[hexacontrol.ca/gaslighting-in-interactions-definition/index.html]
[hexacontrol.ca/hook-up-on-tinder/index.html]
[hexacontrol.ca/2022/10/index.html]
[hexacontrol.ca/charles-schwab-high-yield-investor-checking/index.html]
[hexacontrol.ca/online-dating-services-first-night-out-statistics/index.html]
[hexacontrol.ca/what-you-should-get-dude-for-wedding-anniversary/index.html]
[hexacontrol.ca/wp-content/uploads/2022/09/GSM-Home-Alarm-Systems.116.delayed]
[hexacontrol.ca/swedish-popular-metropolitan-areas-for-flirting/index.html]
[hexacontrol.ca/the-psychology-of-online-dating/index.html]
[hexacontrol.ca/wp-content/uploads/2022/09/Wireless-networking-2.jpg]
[hexacontrol.ca/2022/09/index.html]
[hexacontrol.ca/online-dating-safety-strategies/index.html]
[hexacontrol.ca/tricks-for-successful-sugar-daddies-and-babies-romantic-relationships/index.html]
[hexacontrol.ca/wp-content/uploads/2022/08/spy-and-body-cameras.jpg]
[hexacontrol.ca/wireless-network-security-for-small-businesses-in-2022/index.html]
[hexacontrol.ca/wp-content/uploads/2022/08/virtual-assistant-hexa-control-18-8-2022.jpg]
[hexacontrol.ca/pros-and-cons-of-gsm-home-alarm-systems-in-2022/index.html]
[hexacontrol.ca/wp-content/uploads/2022/08/home-automation-12-8-2022.jpg]
[hexacontrol.ca/2022/08/index.html]
[hexacontrol.ca/forex-trading-strategies/index.html]
[hexacontrol.ca/wp-content/uploads/2022/07/hexacontrol-21-7-2022.jpg]
[hexacontrol.ca/wp-content/uploads/2022/07/hexa-18-7-2022.jpg]
[hexacontrol.ca/2022/07/index.html]
[hexacontrol.ca/the-best-spy-and-body-cameras-in-2022-for-self-protection/index.html]
[hexacontrol.ca/2022/05/index.html]
[hexacontrol.ca/die-beste-chatbot-software-fur-ihr-unternehmen/index.html]
[hexacontrol.ca/2022/04/index.html]
[hexacontrol.ca/5-applications-of-virtual-assistants-in-home-automation/index.html]
[hexacontrol.ca/2022/03/index.html]
[hexacontrol.ca/the-worldwide-industry-for-home-automation-and-security-systems-2022-2027/index.html]
[hexacontrol.ca/2022/02/index.html]
[hexacontrol.ca/dcy-0-dinastycoin-price-chart-value-news-market/index.html]
[hexacontrol.ca/how-our-smart-home-technology-is-changing-your-homes/index.html]
[hexacontrol.ca/2022/01/index.html]
[hexacontrol.ca/2021/11/index.html]
[hexacontrol.ca/2021/09/index.html]
[hexacontrol.ca/2021/06/index.html]
[hexacontrol.ca/2021/03/index.html]
[hexacontrol.ca/2021/02/index.html]
[hexacontrol.ca/kupitь-allround-automations-pl-sql-developer-v/index.html]
[hexacontrol.ca/online-course-become-a-junior-wordpress-developer/index.html]
[hexacontrol.ca/chto-takoe-proof-of-stake-prostymi-slovami-majning/index.html]
[hexacontrol.ca/category/1win-bonus/feed/index.html]
[hexacontrol.ca/wp-json/wp/v2/categories/52.json]
[hexacontrol.ca/category/1win-bonus/index.html]
[hexacontrol.ca/category/bookkeeping/feed/index.html]
[hexacontrol.ca/wp-json/wp/v2/categories/48.json]
[hexacontrol.ca/category/bookkeeping/index.html]
[hexacontrol.ca/wp-json/wp/v2/categories/46.json]
[hexacontrol.ca/category/cryptocurrency-exchange-3/index.html]
[hexacontrol.ca/category/cryptocurrency-exchange-3/feed/index.html]
[hexacontrol.ca/wp-json/wp/v2/categories/47.json]
[hexacontrol.ca/category/forex-trading/index.html]
[hexacontrol.ca/category/forex-trading/feed/index.html]
[hexacontrol.ca/wp-json/wp/v2/categories/45.json]
[hexacontrol.ca/category/it-obrazovanie-3/index.html]
[hexacontrol.ca/category/it-obrazovanie-3/feed/index.html]
[hexacontrol.ca/wp-json/wp/v2/categories/50.json]
[hexacontrol.ca/category/mostbet-kumarhanesi/index.html]
[hexacontrol.ca/category/mostbet-kumarhanesi/feed/index.html]
[hexacontrol.ca/category/mostbet-kazinosu/index.html]
[hexacontrol.ca/category/new/feed/index.html]
[hexacontrol.ca/wp-json/wp/v2/categories/56.json]
[hexacontrol.ca/category/new/index.html]
[hexacontrol.ca/wp-json/wp/v2/categories/44.json]
[hexacontrol.ca/category/online-dating/index.html]
[hexacontrol.ca/category/online-dating/feed/index.html]
[hexacontrol.ca/new-posts/index.html]
[hexacontrol.ca/wp-json/wp/v2/categories/54.json]
[hexacontrol.ca/category/python-development/index.html]
[hexacontrol.ca/category/python-development/feed/index.html]
[hexacontrol.ca/wp-json/wp/v2/categories/19.json]
[hexacontrol.ca/category/smart-homes/index.html]
[hexacontrol.ca/category/smart-homes/feed/index.html]
[hexacontrol.ca/wp-json/wp/v2/categories/57.json]
[hexacontrol.ca/category/torgovaja-platforma/index.html]
[hexacontrol.ca/category/torgovaja-platforma/feed/index.html]
[hexacontrol.ca/wp-json/wp/v2/categories/49.json]
[hexacontrol.ca/category/finteh-4/index.html]
[hexacontrol.ca/category/finteh-4/feed/index.html]
[hexacontrol.ca/wp-json/wp/v2/categories/55.json]
[hexacontrol.ca/category/foreks-obuchenie/index.html]
[hexacontrol.ca/wp-content/themes/woodmart/css/parts/mod-sticky-sidebar-opener.mina086.css]
[hexacontrol.ca/wp-content/themes/woodmart/css/parts/woo-mod-order-details.mina086.css]
[hexacontrol.ca/wp-content/themes/woodmart/css/parts/woo-page-my-account.mina086.css]
[hexacontrol.ca/wp-content/themes/woodmart/css/parts/woo-mod-login-form.mina086.css]
[hexacontrol.ca/wp-content/themes/woodmart/css/parts/woo-page-login-register.mina086.css]
[hexacontrol.ca/index2dc4.html]
[hexacontrol.ca/category/foreks-obuchenie/feed/index.html]
[hexacontrol.ca/wp-content/themes/woodmart/css/parts/woo-mod-grid.mina086.css]
[hexacontrol.ca/wp-content/themes/woodmart/css/parts/woo-page-lost-password.mina086.css]
[hexacontrol.ca/wp-includes/js/zxcvbn-async.min5152.js]
[hexacontrol.ca/wp-includes/js/dist/vendor/wp-polyfill-inert.min0226.js]
[hexacontrol.ca/wp-includes/js/dist/vendor/regenerator-runtime.min8fa4.js]
[hexacontrol.ca/wp-includes/js/dist/vendor/wp-polyfill.min2c7c.js]
[hexacontrol.ca/wp-includes/js/dist/hooks.min6c65.js]
[hexacontrol.ca/wp-includes/js/dist/i18n.mine57b.js]
[hexacontrol.ca/wp-admin/js/password-strength-meter.minf731.js]
[hexacontrol.ca/wp-content/plugins/woocommerce/assets/js/frontend/password-strength-meter.min8c10.js]
[hexacontrol.ca/wp-content/plugins/woocommerce/assets/js/frontend/lost-password.min8c10.js]
[hexacontrol.ca/my-account/lost-password/index.html]
[hexacontrol.ca/wp-content/plugins/revslider/public/assets/fonts/revicons/revicons90c6.svg]
[hexacontrol.ca/how-to-prevent-internet-dating-scams-utilizing-technology-in-2020/feed/index.html]
[hexacontrol.ca/wp-json/wp/v2/posts/1825.json]
[hexacontrol.ca/wp-json/oembed/1.0/embedd33d.json]
[hexacontrol.ca/how-to-prevent-internet-dating-scams-utilizing-technology-in-2020/index.html]
[hexacontrol.ca/news-bias-fact-checka¢-offers-a-reliable-resource-for-couples-seeking-typical-ground-on-political-problems/index.html]
[hexacontrol.ca/wp-json/oembed/1.0/embedc9c3]
[hexacontrol.ca/wp-json/wp/v2/posts/1821.json]
[hexacontrol.ca/mostbet-india-review-2023-don-t-miss-your-25-000-404/feed/index.html]
[hexacontrol.ca/wp-json/oembed/1.0/embed9a65.json]
[hexacontrol.ca/wp-json/oembed/1.0/embed3d30]
[hexacontrol.ca/mostbet-india-review-2023-don-t-miss-your-25-000-404/index.html]
[pedallovers.com/images/favicons/apple-icon-180x180.png]
[hexacontrol.ca/mostbet-app-download-for-android-ios-in-2023-373/feed/index.html]
[hexacontrol.ca/wp-json/wp/v2/posts/1817.json]
[hexacontrol.ca/mostbet-review-in-india-withdrawal-methods-login-195/index.html]
[hexacontrol.ca/wp-json/oembed/1.0/embed900f.json]
[hexacontrol.ca/wp-json/oembed/1.0/embeda1b8]
[hexacontrol.ca/mostbet-app-download-for-android-ios-in-2023-373/index.html]
[pedallovers.com/images/favicons/favicon-32x32.png]
[hexacontrol.ca/wp-json/wp/v2/posts/1813.json]
[hexacontrol.ca/mostbet-oficialnyj-sajt-mostbet-zerkalo-skachat-842/feed/index.html]
[hexacontrol.ca/zerkalo-mostbet-aktualnoe-zerkalo-mostbet-na-346/index.html]
[hexacontrol.ca/wp-json/oembed/1.0/embed2da6.json]
[hexacontrol.ca/wp-json/oembed/1.0/embedff0f]
[hexacontrol.ca/mostbet-oficialnyj-sajt-mostbet-zerkalo-skachat-842/index.html]
[oaxacaculinarytours.com/images/favicons/apple-icon-76x76.png]
[hexacontrol.ca/wp-json/wp/v2/posts/1811.json]
[hexacontrol.ca/exposed-uksexfling-com-is-actually-a-smoke-monitor-hiding-a-fraud/feed/index.html]
[hexacontrol.ca/wp-json/oembed/1.0/embed3d6b.json]
[hexacontrol.ca/exposed-uksexfling-com-is-actually-a-smoke-monitor-hiding-a-fraud/index.html]
[hexacontrol.ca/wp-json/oembed/1.0/embed768d]
[hexacontrol.ca/onspeeddating-pioneered-exclusively-increase-dating-in-2008-today-hosts-quality-controlled-events-for-singles/feed/index.html]
[hexacontrol.ca/wp-json/wp/v2/posts/1807.json]
[hexacontrol.ca/wp-json/oembed/1.0/embedfea3.json]
[hexacontrol.ca/onspeeddating-pioneered-exclusively-increase-dating-in-2008-today-hosts-quality-controlled-events-for-singles/index.html]
[hexacontrol.ca/publishers-choice-award-sweetescapea¢-could-offer-worldly-partners-a-specialist-photo-capture-on-the-travels/index.html]
[hexacontrol.ca/blog/page/4/index.html]
[hexacontrol.ca/wp-json/oembed/1.0/embed6198]
[hexacontrol.ca/category/uncategorized/page/2/index.html]
[hexacontrol.ca/konnte-das-sein-pua-dry/index.html]
[hexacontrol.ca/never-only-gamble-hard-to-get-end-up-being-hard-to-get/index.html]
[hexacontrol.ca/christian-relationship-evaluation/index.html]
[hexacontrol.ca/zenome-models-genomic-evaluating-more-accessible-to-assist-singles-partners-families-organizations-build-better-lifestyles/index.html]
[hexacontrol.ca/category/uncategorized/page/3/index.html]
[hexacontrol.ca/die-erste-sache-sie-mussen-wirklich-zustand-wann-immer-online-dating-sites/index.html]
[hexacontrol.ca/sobre-incrementar-autoestima-y-fortalecer-el-carisma/index.html]
[hexacontrol.ca/6-increible-beneficios-de-las-citas-dentro-de-40/index.html]
[hexacontrol.ca/tantan-analyse-que-faire-nous-savons/index.html]
[hexacontrol.ca/category/uncategorized/page/7/index.html]
[hexacontrol.ca/warum-twitter-und-dating-nicht-mischen/index.html]
[hexacontrol.ca/kompromiss-in-beziehungen-12-geheimnisse-zu-biegen-anstelle-von-splitting/index.html]
[hexacontrol.ca/wp-content/themes/woodmart/css/parts/blog-single-base.mina086.css]
[hexacontrol.ca/category/uncategorized/page/4/index.html]
[hexacontrol.ca/blog/page/6/index.html]
[hexacontrol.ca/index1c24.html]
[hexacontrol.ca/evaluation-yourtravelmates-com-the-deceptions-that-we-present-your-researching/index.html]
[hexacontrol.ca/feeld-evaluation/index.html]
[hexacontrol.ca/wp-content/themes/woodmart/css/parts/mod-page-navigation.mina086.css]
[hexacontrol.ca/wp-content/themes/woodmart/css/parts/lib-owl-carousel.mina086.css]
[hexacontrol.ca/wp-content/themes/woodmart/css/parts/mod-comments.mina086.css]
[hexacontrol.ca/author/admin/page/2/index.html]
[hexacontrol.ca/relationships-australia-nswa¢-works-couples-family-members-and-communities-develop-better-bonds-through-guidance-and-education/index.html]
[hexacontrol.ca/author/admin/page/3/index.html]
[hexacontrol.ca/category/uncategorized/page/5/index.html]
[hexacontrol.ca/author/admin/page/10/index.html]
[hexacontrol.ca/category/uncategorized/page/6/index.html]
[hexacontrol.ca/indexc726.html]
[hexacontrol.ca/author/admin/page/4/index.html]
[hexacontrol.ca/indexb864.html]
[hexacontrol.ca/index1700.html]
[hexacontrol.ca/index4e0b.html]
[hexacontrol.ca/indexc39d.html]
[hexacontrol.ca/indexf5ae.html]
[hexacontrol.ca/index05e8.html]
[hexacontrol.ca/index5d1c.html]
[hexacontrol.ca/author/admin/page/5/index.html]
[hexacontrol.ca/author/admin/page/9/index.html]
[hexacontrol.ca/author/admin/page/8/index.html]
[hexacontrol.ca/the-reducetarian-base-champions-a-movement-to-motivate-singles-partners-to-lessen-on-the-chicken-intake/feed/index.html]
[hexacontrol.ca/wp-json/wp/v2/posts/1803.json]
[hexacontrol.ca/wp-json/oembed/1.0/embed2fe9.json]
[hexacontrol.ca/the-reducetarian-base-champions-a-movement-to-motivate-singles-partners-to-lessen-on-the-chicken-intake/index.html]
[hexacontrol.ca/wp-json/oembed/1.0/embede8ce]
[hexacontrol.ca/wp-json/wp/v2/posts/1799.json]
[hexacontrol.ca/azrbaycan-mrc-sayt-12521/feed/index.html]
[hexacontrol.ca/wp-json/oembed/1.0/embed5b38.json]
[hexacontrol.ca/azrbaycan-mrc-sayt-12521/index.html]
[hexacontrol.ca/wp-json/oembed/1.0/embedbeb7]
[hexacontrol.ca/wp-json/wp/v2/posts/1797.json]
[hexacontrol.ca/tyyar-oyunu-mostbet-mostbet-aviator-game-1060/feed/index.html]
[hexacontrol.ca/wp-json/oembed/1.0/embedc490.json]
[hexacontrol.ca/wp-json/oembed/1.0/embed5464]
[hexacontrol.ca/tyyar-oyunu-mostbet-mostbet-aviator-game-1060/index.html]
[hexacontrol.ca/wp-json/wp/v2/posts/1795.json]
[hexacontrol.ca/oficialnyj-sajt-s-licenziej-android-prilozhenie-117/feed/index.html]
[hexacontrol.ca/wp-json/oembed/1.0/embed8aed.json]
[hexacontrol.ca/oficialnyj-sajt-s-licenziej-android-prilozhenie-117/index.html]
[hexacontrol.ca/wp-json/oembed/1.0/embeda970]
[hexacontrol.ca/wp-json/wp/v2/posts/1793.json]
[hexacontrol.ca/adil-ticaret-komisyonu-bircok-irketin-6-haksz-38/feed/index.html]
[hexacontrol.ca/wp-json/oembed/1.0/embed6c2d.json]
[hexacontrol.ca/adil-ticaret-komisyonu-bircok-irketin-6-haksz-38/index.html]
[hexacontrol.ca/wp-json/oembed/1.0/embed58ba]
[hexacontrol.ca/skachat-mobilnoe-prilozhenie-1xwin-67/feed/index.html]
[hexacontrol.ca/wp-json/wp/v2/posts/1791.json]
[hexacontrol.ca/wp-json/oembed/1.0/embed6a56.json]
[hexacontrol.ca/skachat-mobilnoe-prilozhenie-1xwin-67/index.html]
[hexacontrol.ca/wp-json/oembed/1.0/embed2ead]
[hexacontrol.ca/wp-json/wp/v2/posts/1789.json]
[hexacontrol.ca/giri-364/feed/index.html]
[hexacontrol.ca/wp-json/oembed/1.0/embedfd58.json]
[hexacontrol.ca/giri-364/index.html]
[hexacontrol.ca/wp-json/oembed/1.0/embed1a0c]
[hexacontrol.ca/mostbet-twitter-2022-adres-deiim-linkleri-559/feed/index.html]
[hexacontrol.ca/wp-json/wp/v2/posts/1787.json]
[hexacontrol.ca/wp-json/oembed/1.0/embed07ab.json]
[hexacontrol.ca/wp-json/oembed/1.0/embed1380]
[hexacontrol.ca/mostbet-twitter-2022-adres-deiim-linkleri-559/index.html]
[pigments-terres-couleurs.com/images/favicons/apple-icon-120x120.png]
[hexacontrol.ca/wp-json/wp/v2/posts/1785.json]
[hexacontrol.ca/resmi-site-casino-mostbet-para-icin-mostbet-calma-3103/feed/index.html]
[hexacontrol.ca/wp-json/oembed/1.0/embed70b8.json]
[hexacontrol.ca/wp-json/oembed/1.0/embed352d]
[hexacontrol.ca/resmi-site-casino-mostbet-para-icin-mostbet-calma-3103/index.html]
[pigments-terres-couleurs.com/images/favicons/android-icon-192x192.png]
[hexacontrol.ca/wp-json/wp/v2/posts/1783.json]
[hexacontrol.ca/mostbet-turkiye-icin-en-guvenilir-bahis-ve-casino-4520/feed/index.html]
[hexacontrol.ca/wp-json/oembed/1.0/embed55ea.json]
[hexacontrol.ca/wp-json/oembed/1.0/embed3d68]
[hexacontrol.ca/mostbet-turkiye-icin-en-guvenilir-bahis-ve-casino-4520/index.html]
[hexacontrol.ca/blog/page/5/index.html]
[hexacontrol.ca/getting-beyond-the-most-important-date/index.html]
[hexacontrol.ca/his-secret-fixation-evaluation-for-2020-a-hero-instinct-review/index.html]
[hexacontrol.ca/blog/page/9/index.html]
[hexacontrol.ca/alua-assessment/index.html]
[hexacontrol.ca/thaicupid-review-2021/index.html]
[hexacontrol.ca/learning-to-make-a-woman-fall-in-love/index.html]
[hexacontrol.ca/how-come-this-month-distinctive-from-other-people-for-on-the-web-daters/index.html]
[hexacontrol.ca/reconciling-a-bank-statement-chron-com/feed/index.html]
[hexacontrol.ca/wp-json/wp/v2/posts/1708.json]
[hexacontrol.ca/wp-json/oembed/1.0/embedc11b.json]
[hexacontrol.ca/wp-json/oembed/1.0/embed2ff2]
[kelleysbookkeeping.com/wp-content/uploads/2022/02/about-form-8809-application-for-extension-of-time-15be.jpg]
[hexacontrol.ca/reconciling-a-bank-statement-chron-com/index.html]
[kelleysbookkeeping.com/wp-content/uploads/2022/02/profit-margin-formula-15bc-150x150.jpg]
[hexacontrol.ca/wp-json/wp/v2/posts/1767.json]
[hexacontrol.ca/download-free-word-excel-and-pdf-blank-invoice/feed/index.html]
[hexacontrol.ca/wp-json/oembed/1.0/embedb5ef.json]
[hexacontrol.ca/wp-json/oembed/1.0/embedbffd]
[quick-bookkeeping.net/wp-content/uploads/2022/02/the-12-best-free-invoice-templates-for-designers-f0f7-150x150.jpg]
[hexacontrol.ca/download-free-word-excel-and-pdf-blank-invoice/index.html]
[quick-bookkeeping.net/wp-content/uploads/2022/02/finance-definition-8155.jpg]
[hexacontrol.ca/wp-json/wp/v2/posts/1831.json]
[hexacontrol.ca/statement-s-perevodom-stejtment-konteksty-i/feed/index.html]
[hexacontrol.ca/wp-json/oembed/1.0/embed702a.json]
[hexacontrol.ca/wp-json/oembed/1.0/embed492c]
[fx-trend.info/wp-content/uploads/2020/04/trejdolkripto2-1024x534.jpg]
[fx-trend.info/wp-content/uploads/2020/06/080714-310x310.jpg]
[hexacontrol.ca/statement-s-perevodom-stejtment-konteksty-i/index.html]
[fx-trend.info/wp-content/uploads/2020/01/for_fb-310x310.jpg]
[hexacontrol.ca/days-inventory-outstanding-dio-what-retailers-need/feed/index.html]
[hexacontrol.ca/wp-json/wp/v2/posts/1714.json]
[hexacontrol.ca/wp-json/oembed/1.0/embed0c0e.json]
[hexacontrol.ca/wp-json/oembed/1.0/embed9895]
[personal-accounting.org/wp-content/uploads/2020/10/image-T9Lji6Z1bFPYGCqW-150x150.png]
[personal-accounting.org/wp-content/uploads/2019/12/0dc247c07eee71a72cf9409729fb3455_M-300x200.jpg]
[hexacontrol.ca/days-inventory-outstanding-dio-what-retailers-need/index.html]
[personal-accounting.org/wp-content/uploads/2022/02/can-you-help-me-to-understand-credit-memo-and-2e37.jpg]
[hexacontrol.ca/illinois-tax-rates-rankings-illinois-state-taxes/feed/index.html]
[hexacontrol.ca/wp-json/wp/v2/posts/1682.json]
[hexacontrol.ca/wp-json/oembed/1.0/embed6d52.json]
[hexacontrol.ca/illinois-tax-rates-rankings-illinois-state-taxes/index.html]
[hexacontrol.ca/wp-json/oembed/1.0/embed554e]
[hexacontrol.ca/solana-price-index-market-current-stats/feed/index.html]
[hexacontrol.ca/wp-json/wp/v2/posts/1688.json]
[hexacontrol.ca/wp-json/oembed/1.0/embedba63.json]
[hexacontrol.ca/wp-json/oembed/1.0/embed6f1d]
[1investing.in/wp-content/uploads/2019/11/great-british-class-survey_1.png]
[1investing.in/wp-content/uploads/2019/09/importance-of-capital-budgeting_6.jpg]
[1investing.in/wp-content/uploads/2019/05/amazon-and-kohl-s-proof-that-collaboration-works_3.jpg]
[hexacontrol.ca/solana-price-index-market-current-stats/index.html]
[hexacontrol.ca/index3e90.html]
[1investing.in/wp-content/uploads/2020/01/which-countries-tax-their-residents-probably-the_3.png]
[hexacontrol.ca/wp-json/wp/v2/posts/1672.json]
[hexacontrol.ca/sustanon-250-steroid-tutto-cio-che-devi-sapere/feed/index.html]
[hexacontrol.ca/wp-json/oembed/1.0/embedd8ff.json]
[hexacontrol.ca/sustanon-250-steroid-tutto-cio-che-devi-sapere/index.html]
[hexacontrol.ca/wp-json/oembed/1.0/embed182f]
[hexacontrol.ca/wp-json/wp/v2/posts/1698.json]
[hexacontrol.ca/how-to-fix-the-iphone-keeps-restarting-or-crashing-2/feed/index.html]
[hexacontrol.ca/wp-json/oembed/1.0/embedaddf.json]
[hexacontrol.ca/wp-json/oembed/1.0/embedc39a]
[i.ytimg.com/vi/QXXeCQ2g5mw/hqdefault.jpg]
[hexacontrol.ca/how-to-fix-the-iphone-keeps-restarting-or-crashing-2/index.html]
[hexacontrol.ca/indexcff1.html]
[hexacontrol.ca/wp-json/wp/v2/posts/1745.json]
[hexacontrol.ca/class-9-economics-chapter-1-the-story-of-the/feed/index.html]
[hexacontrol.ca/wp-json/oembed/1.0/embed4bc0.json]
[hexacontrol.ca/wp-json/oembed/1.0/embed1c42]
[1investing.in/wp-content/uploads/2019/10/ias-36-impairment-of-assets_2.jpg]
[1investing.in/wp-content/uploads/2019/09/the-secret-to-picking-the-perfect-chart-timeframe_2.jpg]
[hexacontrol.ca/class-9-economics-chapter-1-the-story-of-the/index.html]
[1investing.in/wp-content/uploads/2020/02/besides-a-savings-account-where-is-the-safest_4.jpg]
[hexacontrol.ca/wp-json/wp/v2/posts/1765.json]
[hexacontrol.ca/w-d-gann-square-calculator-pdf-technical-analysis/feed/index.html]
[hexacontrol.ca/wp-json/oembed/1.0/embedbf2a.json]
[hexacontrol.ca/wp-json/oembed/1.0/embedfa08]
[hexacontrol.ca/w-d-gann-square-calculator-pdf-technical-analysis/index.html]
[hexacontrol.ca/2023/05/page/2/index.html]
[hexacontrol.ca/2023/05/page/3/index.html]
[hexacontrol.ca/2023/05/page/6/index.html]
[hexacontrol.ca/we-prove-that-mysecretfling-com-is-dishonest-a-myriad-of-lies/index.html]
[hexacontrol.ca/2023/05/page/4/index.html]
[hexacontrol.ca/2023/05/page/5/index.html]
[1investing.in/wp-content/uploads/2020/04/wto_2.jpg]
[hexacontrol.ca/wp-json/wp/v2/posts/1680.json]
[hexacontrol.ca/solitary-for-romantic-days-celebration-here-is-tips-enjoy/index.html]
[hexacontrol.ca/refused-by-every-girl-how-to-turn-situations-arounda¦/index.html]
[hexacontrol.ca/ms-hitch-is-actually-a-no-nonsense-coach-and-matchmaker-exactly-who-works-people-get-a-and-stay-a-hitched/index.html]
[hexacontrol.ca/all-of-us-want-like-exactly-why-you-dont-have-to-put-it-in-your-profile/index.html]
[hexacontrol.ca/wp-json/oembed/1.0/embede346.json]
[hexacontrol.ca/kids-work-and-marijuana-stocks-15/feed/index.html]
[hexacontrol.ca/things-need-before-breaking-up-as-a-result-of-the-gender/index.html]
[hexacontrol.ca/wp-json/oembed/1.0/embed63b5]
[i.imgur.com/1NBWbej.jpg]
[hexacontrol.ca/kids-work-and-marijuana-stocks-15/index.html]
[hexacontrol.ca/naushniki-razer-tradeallcrypto-black-kupitь-v/index.html]
[hexacontrol.ca/wp-json/wp/v2/posts/1696.json]
[hexacontrol.ca/gaslighting-in-interactions-definition/feed/index.html]
[hexacontrol.ca/wp-json/oembed/1.0/embedfa5d.json]
[hexacontrol.ca/wp-json/oembed/1.0/embed0ad6]
[www.gemnation.com/images/watches/Rich/RM-59-01.jpg]
[hexacontrol.ca/gaslighting-in-interactions-definition/index.html]
[hexacontrol.ca/wp-json/wp/v2/posts/1660.json]
[hexacontrol.ca/hook-up-on-tinder/feed/index.html]
[hexacontrol.ca/wp-json/oembed/1.0/embedd0bb.json]
[hexacontrol.ca/hook-up-on-tinder/index.html]
[hexacontrol.ca/wp-json/oembed/1.0/embed02c3]
[hexacontrol.ca/wp-json/wp/v2/posts/1674.json]
[hexacontrol.ca/charles-schwab-high-yield-investor-checking/feed/index.html]
[hexacontrol.ca/wp-json/oembed/1.0/embed11f7.json]
[hexacontrol.ca/charles-schwab-high-yield-investor-checking/index.html]
[hexacontrol.ca/wp-json/oembed/1.0/embed5e7e]
[hexacontrol.ca/wp-json/wp/v2/posts/1692.json]
[hexacontrol.ca/online-dating-services-first-night-out-statistics/feed/index.html]
[hexacontrol.ca/wp-json/oembed/1.0/embed32c4.json]
[hexacontrol.ca/wp-json/oembed/1.0/embedf2ea]
[n450v.alamy.com/450v/apegcy/asian-woman-on-rollerblades-walking-dogs-apegcy.jpg]
[hexacontrol.ca/online-dating-services-first-night-out-statistics/index.html]
[hexacontrol.ca/wp-json/wp/v2/posts/1702.json]
[hexacontrol.ca/what-you-should-get-dude-for-wedding-anniversary/feed/index.html]
[hexacontrol.ca/wp-json/oembed/1.0/embedff59.json]
[hexacontrol.ca/wp-json/oembed/1.0/embed7dcf]
[cdn.acidcow.com/pics/20150929/latina_weather_girls_08.jpg]
[hexacontrol.ca/what-you-should-get-dude-for-wedding-anniversary/index.html]
[hexacontrol.ca/wp-json/wp/v2/posts/1694.json]
[hexacontrol.ca/the-psychology-of-online-dating/feed/index.html]
[hexacontrol.ca/wp-json/oembed/1.0/embed5f03.json]
[hexacontrol.ca/wp-json/oembed/1.0/embed4074]
[www.costa-rica-women.com/mp/p920-1.jpg]
[hexacontrol.ca/the-psychology-of-online-dating/index.html]
[hexacontrol.ca/wp-json/wp/v2/posts/1712.json]
[hexacontrol.ca/swedish-popular-metropolitan-areas-for-flirting/feed/index.html]
[hexacontrol.ca/wp-json/oembed/1.0/embedf6ac.json]
[hexacontrol.ca/wp-json/oembed/1.0/embedf856]
[xmr.wdfiles.com/local--resized-images/marrow/marrow9.jpg/medium.jpg]
[hexacontrol.ca/swedish-popular-metropolitan-areas-for-flirting/index.html]
[hexacontrol.ca/wp-json/wp/v2/posts/1690.json]
[hexacontrol.ca/online-dating-safety-strategies/feed/index.html]
[hexacontrol.ca/wp-json/oembed/1.0/embedc1c0.json]
[hexacontrol.ca/wp-json/oembed/1.0/embed908f]
[i.discogs.com/SWSI8lyM6p5KJgp6kuWlhoD9-tnUbDVu9TPBuuUyn-U/rs_fit/g_sm/q_40/h_300/w_300/czM6Ly9kaXNjb2dz/LWRhdGFiYXNlLWlt/YWdlcy9SLTE4NTY2/NzQtMTM0NDg3Nzg5/R-1856674-1344877896-5286.jpg]
[hexacontrol.ca/online-dating-safety-strategies/index.html]
[hexacontrol.ca/wp-json/wp/v2/posts/1684.json]
[hexacontrol.ca/tricks-for-successful-sugar-daddies-and-babies-romantic-relationships/feed/index.html]
[hexacontrol.ca/wp-json/oembed/1.0/embed2583.json]
[hexacontrol.ca/wp-json/oembed/1.0/embedb789]
[i.pinimg.com/736x/cf/6c/0a/cf6c0a6ad93cee2619be0ed04cdcf396--cougar-dating-sugar-baby.jpg]
[i.imgflip.com/hzyo3.jpg]
[hexacontrol.ca/tricks-for-successful-sugar-daddies-and-babies-romantic-relationships/index.html]
[hexacontrol.ca/wp-json/wp/v2/posts/1634.json]
[hexacontrol.ca/i-made-3million-in-cryptocurrency-and-these-are/index.html]
[hexacontrol.ca/pros-and-cons-of-gsm-home-alarm-systems-in-2022/feed/index.html]
[hexacontrol.ca/wp-json/oembed/1.0/embed4acf.json]
[hexacontrol.ca/pros-and-cons-of-gsm-home-alarm-systems-in-2022/index.html]
[hexacontrol.ca/wp-json/oembed/1.0/embede3ec]
[hexacontrol.ca/tag/home-automation-company/index.html]
[hexacontrol.ca/tag/alarm-system/index.html]
[hexacontrol.ca/wp-json/wp/v2/posts/1628.json]
[hexacontrol.ca/tag/home-security/index.html]
[hexacontrol.ca/wireless-network-security-for-small-businesses-in-2022/feed/index.html]
[hexacontrol.ca/wp-json/oembed/1.0/embed8d0d.json]
[hexacontrol.ca/wireless-network-security-for-small-businesses-in-2022/index.html]
[hexacontrol.ca/wp-json/oembed/1.0/embedc21f]
[hexacontrol.ca/tag/home-security-company/index.html]
[hexacontrol.ca/plus-500-canada-trading-at-plus-500-for-canadians/index.html]
[hexacontrol.ca/tag/wireless-security/index.html]
[hexacontrol.ca/tag/home-automation/index.html]
[hexacontrol.ca/forex-trading-strategies/feed/index.html]
[hexacontrol.ca/wp-json/wp/v2/posts/1704.json]
[hexacontrol.ca/wp-json/oembed/1.0/embed9de2.json]
[hexacontrol.ca/wp-json/oembed/1.0/embed95fc]
[1investing.in/wp-content/uploads/2020/02/industry-analysis-strategic-industry-analysis_1.jpg]
[1investing.in/wp-content/uploads/2019/11/thinking-of-trading-options-here-are-three-things_1.png]
[1investing.in/wp-content/uploads/2019/07/product-diversification-2_1.jpg]
[hexacontrol.ca/forex-trading-strategies/index.html]
[1investing.in/wp-content/uploads/2019/08/financial-accounting_2.jpg]
[hexacontrol.ca/suggestions-for-successful-sweets-daddies-and-babies-relationships/index.html]
[hexacontrol.ca/the-best-spy-and-body-cameras-in-2022-for-self-protection/feed/index.html]
[hexacontrol.ca/wp-json/oembed/1.0/embed72d8.json]
[hexacontrol.ca/the-best-spy-and-body-cameras-in-2022-for-self-protection/index.html]
[hexacontrol.ca/wp-json/oembed/1.0/embed49cc]
[hexacontrol.ca/tag/body-cameras/index.html]
[hexacontrol.ca/tag/smart-homes/index.html]
[hexacontrol.ca/tag/home-surveillance-system/index.html]
[hexacontrol.ca/tag/spy-cameras/index.html]
[hexacontrol.ca/wp-json/wp/v2/posts/1829.json]
[hexacontrol.ca/die-beste-chatbot-software-fur-ihr-unternehmen/feed/index.html]
[hexacontrol.ca/wp-json/oembed/1.0/embeda5cb.json]
[hexacontrol.ca/wp-json/oembed/1.0/embedfe50]
[hexacontrol.ca/die-beste-chatbot-software-fur-ihr-unternehmen/index.html]
[platform.twitter.com/widgets.js]
[hexacontrol.ca/wp-json/wp/v2/posts/1611.json]
[hexacontrol.ca/5-applications-of-virtual-assistants-in-home-automation/feed/index.html]
[hexacontrol.ca/wp-json/oembed/1.0/embedb90a.json]
[hexacontrol.ca/5-applications-of-virtual-assistants-in-home-automation/index.html]
[hexacontrol.ca/wp-json/oembed/1.0/embedcbf6]
[hexacontrol.ca/tag/surveillance-system/index.html]
[hexacontrol.ca/the-worldwide-industry-for-home-automation-and-security-systems-2022-2027/feed/index.html]
[hexacontrol.ca/tag/hexa-control/index.html]
[hexacontrol.ca/wp-json/wp/v2/posts/1606.json]
[hexacontrol.ca/wp-json/oembed/1.0/embedd590.json]
[hexacontrol.ca/wp-json/oembed/1.0/embeda0a3]
[hexacontrol.ca/the-worldwide-industry-for-home-automation-and-security-systems-2022-2027/index.html]
[hexacontrol.ca/wp-json/wp/v2/posts/1733.json]
[hexacontrol.ca/dcy-0-dinastycoin-price-chart-value-news-market/feed/index.html]
[hexacontrol.ca/tag/ontario/index.html]
[hexacontrol.ca/tag/toronto/index.html]
[hexacontrol.ca/wp-json/oembed/1.0/embed3cc7.json]
[hexacontrol.ca/wp-json/oembed/1.0/embedd220]
[i.pinimg.com/originals/2b/69/ab/2b69ab8d199115b8c447d2ba62c50507.jpg]
[www.cryptocompare.com/media/20659/grav.png]
[thumbs.dreamstime.com/z/insurchain-insur-coin-set-gold-silver-bronze-cryptocurrency-116921324.jpg]
[hexacontrol.ca/dcy-0-dinastycoin-price-chart-value-news-market/index.html]
[hexacontrol.ca/the-most-inexpensive-surveillance-systems-in-2022/index.html]
[hexacontrol.ca/wp-json/wp/v2/posts/1592.json]
[hexacontrol.ca/how-our-smart-home-technology-is-changing-your-homes/feed/index.html]
[hexacontrol.ca/wp-json/oembed/1.0/embed878a.json]
[hexacontrol.ca/how-our-smart-home-technology-is-changing-your-homes/index.html]
[hexacontrol.ca/kupitь-allround-automations-pl-sql-developer-v/index.html]
[hexacontrol.ca/wp-json/oembed/1.0/embed3ff9]
[hexacontrol.ca/online-course-become-a-junior-wordpress-developer/feed/index.html]
[hexacontrol.ca/wp-json/wp/v2/posts/1723.json]
[hexacontrol.ca/wp-json/oembed/1.0/embedb23a.json]
[hexacontrol.ca/wp-json/oembed/1.0/embed788b]
[globalcloudteam.com/wp-content/uploads/2021/08/a30427cf-3afe-46ad-a5d5-555201b2223d.jpg]
[hexacontrol.ca/online-course-become-a-junior-wordpress-developer/index.html]
[hexacontrol.ca/wp-json/wp/v2/posts/1771.json]
[hexacontrol.ca/chto-takoe-proof-of-stake-prostymi-slovami-majning/feed/index.html]
[hexacontrol.ca/wp-json/oembed/1.0/embed95f9.json]
[hexacontrol.ca/wp-json/oembed/1.0/embed4d41]
[hexacontrol.ca/chto-takoe-proof-of-stake-prostymi-slovami-majning/index.html]
[hexacontrol.ca/wp-json/wp/v2/categories/51.json]
[hexacontrol.ca/category/mostbet-kazinosu/index.html]
[hexacontrol.ca/category/mostbet-kazinosu/feed/index.html]
[hexacontrol.ca/wp-json/wp/v2/posts/1854.json]
[hexacontrol.ca/new-posts/feed/index.html]
[hexacontrol.ca/wp-json/oembed/1.0/embedd10c.json]
[hexacontrol.ca/new-posts/index.html]
[hexacontrol.ca/wp-content/themes/woodmart/css/parts/woo-mod-grid.mina086.css]
[hexacontrol.ca/wp-content/themes/woodmart/css/parts/woo-page-lost-password.mina086.css]
[hexacontrol.ca/index1b9e.html]
[hexacontrol.ca/index2591.html]
[hexacontrol.ca/wp-json/oembed/1.0/embed9590]
[hexacontrol.ca/wp-json/wp/v2/posts/1819.json]
[hexacontrol.ca/mostbet-review-in-india-withdrawal-methods-login-195/feed/index.html]
[hexacontrol.ca/wp-json/oembed/1.0/embed5b9d.json]
[hexacontrol.ca/mostbet-review-in-india-withdrawal-methods-login-195/index.html]
[hexacontrol.ca/index2b67.html]
[hexacontrol.ca/wp-json/oembed/1.0/embed0cee]
[hexacontrol.ca/wp-json/wp/v2/posts/1815.json]
[hexacontrol.ca/zerkalo-mostbet-aktualnoe-zerkalo-mostbet-na-346/feed/index.html]
[hexacontrol.ca/wp-json/oembed/1.0/embed3300.json]
[hexacontrol.ca/wp-json/oembed/1.0/embed5b67]
[hexacontrol.ca/zerkalo-mostbet-aktualnoe-zerkalo-mostbet-na-346/index.html]
[hexacontrol.ca/index6dac.html]
[hexacontrol.ca/indexbdfb.html]
[hexacontrol.ca/index0cf1.html]
[hexacontrol.ca/wp-json/wp/v2/posts/1781.json]
[hexacontrol.ca/never-only-gamble-hard-to-get-end-up-being-hard-to-get/feed/index.html]
[hexacontrol.ca/wp-json/oembed/1.0/embed3101.json]
[hexacontrol.ca/wp-json/oembed/1.0/embedcb79]
[hexacontrol.ca/never-only-gamble-hard-to-get-end-up-being-hard-to-get/index.html]
[hexacontrol.ca/wp-json/wp/v2/posts/1777.json]
[hexacontrol.ca/christian-relationship-evaluation/feed/index.html]
[hexacontrol.ca/wp-json/oembed/1.0/embedf144.json]
[hexacontrol.ca/christian-relationship-evaluation/index.html]
[hexacontrol.ca/wp-json/oembed/1.0/embed72df]
[hexacontrol.ca/wp-json/wp/v2/posts/1775.json]
[hexacontrol.ca/zenome-models-genomic-evaluating-more-accessible-to-assist-singles-partners-families-organizations-build-better-lifestyles/feed/index.html]
[hexacontrol.ca/wp-json/oembed/1.0/embed44fd.json]
[hexacontrol.ca/zenome-models-genomic-evaluating-more-accessible-to-assist-singles-partners-families-organizations-build-better-lifestyles/index.html]
[hexacontrol.ca/wp-json/oembed/1.0/embedd3ab]
[hexacontrol.ca/konnte-das-sein-pua-dry/feed/index.html]
[hexacontrol.ca/wp-json/wp/v2/posts/1763.json]
[hexacontrol.ca/wp-json/oembed/1.0/embed63c2.json]
[hexacontrol.ca/konnte-das-sein-pua-dry/index.html]
[hexacontrol.ca/wp-json/oembed/1.0/embed3de4]
[hexacontrol.ca/6-increible-beneficios-de-las-citas-dentro-de-40/feed/index.html]
[hexacontrol.ca/wp-json/wp/v2/posts/1761.json]
[hexacontrol.ca/wp-json/oembed/1.0/embedeae3.json]
[hexacontrol.ca/6-increible-beneficios-de-las-citas-dentro-de-40/index.html]
[hexacontrol.ca/wp-json/oembed/1.0/embed6252]
[hexacontrol.ca/wp-json/wp/v2/posts/1759.json]
[hexacontrol.ca/die-erste-sache-sie-mussen-wirklich-zustand-wann-immer-online-dating-sites/feed/index.html]
[hexacontrol.ca/wp-json/oembed/1.0/embeddbf8.json]
[hexacontrol.ca/wp-json/oembed/1.0/embedcb47]
[www.datingadvice.com/images/uploads/2015/06/How-you-expect-your-content-providers-to-work-when-you-order-articles-from-themf392.gif]
[hexacontrol.ca/die-erste-sache-sie-mussen-wirklich-zustand-wann-immer-online-dating-sites/index.html]
[hexacontrol.ca/wp-json/wp/v2/posts/1757.json]
[hexacontrol.ca/tantan-analyse-que-faire-nous-savons/feed/index.html]
[hexacontrol.ca/wp-json/oembed/1.0/embed427c.json]
[hexacontrol.ca/wp-json/oembed/1.0/embeddbdc]
[hexacontrol.ca/tantan-analyse-que-faire-nous-savons/index.html]
[hexacontrol.ca/wp-json/wp/v2/posts/1755.json]
[hexacontrol.ca/sobre-incrementar-autoestima-y-fortalecer-el-carisma/feed/index.html]
[hexacontrol.ca/wp-json/oembed/1.0/embed19e2.json]
[hexacontrol.ca/sobre-incrementar-autoestima-y-fortalecer-el-carisma/index.html]
[hexacontrol.ca/wp-json/oembed/1.0/embed8025]
[hexacontrol.ca/wp-json/wp/v2/posts/1753.json]
[hexacontrol.ca/warum-twitter-und-dating-nicht-mischen/feed/index.html]
[hexacontrol.ca/wp-json/oembed/1.0/embedd6b0.json]
[hexacontrol.ca/warum-twitter-und-dating-nicht-mischen/index.html]
[hexacontrol.ca/wp-json/oembed/1.0/embed1db3]
[hexacontrol.ca/wp-json/wp/v2/posts/1751.json]
[hexacontrol.ca/kompromiss-in-beziehungen-12-geheimnisse-zu-biegen-anstelle-von-splitting/feed/index.html]
[hexacontrol.ca/wp-json/oembed/1.0/embed8fd5.json]
[hexacontrol.ca/kompromiss-in-beziehungen-12-geheimnisse-zu-biegen-anstelle-von-splitting/index.html]
[hexacontrol.ca/blog/page/6/index.html]
[hexacontrol.ca/category/uncategorized/page/4/index.html]
[hexacontrol.ca/wp-json/oembed/1.0/embeded34]
[hexacontrol.ca/wp-json/wp/v2/posts/1749.json]
[hexacontrol.ca/evaluation-yourtravelmates-com-the-deceptions-that-we-present-your-researching/feed/index.html]
[hexacontrol.ca/wp-json/oembed/1.0/embed92a8.json]
[hexacontrol.ca/evaluation-yourtravelmates-com-the-deceptions-that-we-present-your-researching/index.html]
[hexacontrol.ca/wp-json/oembed/1.0/embedf596]
[hexacontrol.ca/wp-json/wp/v2/posts/1743.json]
[hexacontrol.ca/feeld-evaluation/feed/index.html]
[hexacontrol.ca/luvfree-com-celebrates-the-11th-anniversary-continues-helping-genuine-men-women/index.html]
[hexacontrol.ca/wp-json/oembed/1.0/embed6c29.json]
[hexacontrol.ca/feeld-evaluation/index.html]
[hexacontrol.ca/relationships-australia-nswa¢-works-couples-family-members-and-communities-develop-better-bonds-through-guidance-and-education/index.html]
[hexacontrol.ca/category/uncategorized/page/5/index.html]
[hexacontrol.ca/category/uncategorized/page/6/index.html]
[hexacontrol.ca/author/admin/page/4/index.html]
[hexacontrol.ca/author/admin/page/5/index.html]
[hexacontrol.ca/author/admin/page/9/index.html]
[hexacontrol.ca/author/admin/page/8/index.html]
[hexacontrol.ca/index477d.html]
[hexacontrol.ca/index9437.html]
[hexacontrol.ca/index3dd6.html]
[hexacontrol.ca/index2515.html]
[hexacontrol.ca/indexf179.html]
[hexacontrol.ca/index639e.html]
[hexacontrol.ca/index3dfd.html]
[hexacontrol.ca/index91b5.html]
[hexacontrol.ca/index7128.html]
[hexacontrol.ca/index001d.html]
[hexacontrol.ca/wp-json/oembed/1.0/embed98d3]
[hexacontrol.ca/wp-json/wp/v2/posts/1739.json]
[hexacontrol.ca/getting-beyond-the-most-important-date/feed/index.html]
[hexacontrol.ca/author/admin/page/7/index.html]
[hexacontrol.ca/author/admin/page/6/index.html]
[hexacontrol.ca/wp-json/oembed/1.0/embed9fd8.json]
[hexacontrol.ca/getting-beyond-the-most-important-date/index.html]
[hexacontrol.ca/wp-json/oembed/1.0/embed4b48]
[hexacontrol.ca/wp-json/wp/v2/posts/1737.json]
[hexacontrol.ca/alua-assessment/feed/index.html]
[hexacontrol.ca/wp-json/oembed/1.0/embedb7b5.json]
[hexacontrol.ca/wp-json/oembed/1.0/embed1671]
[hexacontrol.ca/alua-assessment/index.html]
[hexacontrol.ca/his-secret-fixation-evaluation-for-2020-a-hero-instinct-review/index.html]
[hexacontrol.ca/thaicupid-review-2021/feed/index.html]
[hexacontrol.ca/wp-json/wp/v2/posts/1729.json]
[hexacontrol.ca/wp-json/oembed/1.0/embed9742.json]
[hexacontrol.ca/thaicupid-review-2021/index.html]
[hexacontrol.ca/wp-json/oembed/1.0/embed3202]
[hexacontrol.ca/wp-json/wp/v2/posts/1727.json]
[hexacontrol.ca/learning-to-make-a-woman-fall-in-love/feed/index.html]
[hexacontrol.ca/wp-json/oembed/1.0/embed9b9f.json]
[hexacontrol.ca/learning-to-make-a-woman-fall-in-love/index.html]
[hexacontrol.ca/wp-json/oembed/1.0/embed3668]
[hexacontrol.ca/wp-json/wp/v2/posts/1725.json]
[hexacontrol.ca/how-come-this-month-distinctive-from-other-people-for-on-the-web-daters/feed/index.html]
[hexacontrol.ca/wp-json/oembed/1.0/embede8a5.json]
[hexacontrol.ca/how-come-this-month-distinctive-from-other-people-for-on-the-web-daters/index.html]
[hexacontrol.ca/index13fe.html]
[hexacontrol.ca/index1905.html]
[hexacontrol.ca/index5c9a.html]
[hexacontrol.ca/index26b1.html]
[hexacontrol.ca/indexbab4.html]
[hexacontrol.ca/index7321.html]
[hexacontrol.ca/indexa890.html]
[hexacontrol.ca/index3d2e.html]
[hexacontrol.ca/index3fc1.html]
[hexacontrol.ca/indexd470.html]
[hexacontrol.ca/wp-json/oembed/1.0/embed24c0]
[hexacontrol.ca/2023/05/page/4/index.html]
[hexacontrol.ca/2023/05/page/5/index.html]
[hexacontrol.ca/blog/page/7/index.html]
[hexacontrol.ca/blog/page/8/index.html]
[hexacontrol.ca/wp-json/wp/v2/posts/1720.json]
[hexacontrol.ca/we-prove-that-mysecretfling-com-is-dishonest-a-myriad-of-lies/feed/index.html]
[hexacontrol.ca/wp-json/oembed/1.0/embedcdfd.json]
[hexacontrol.ca/we-prove-that-mysecretfling-com-is-dishonest-a-myriad-of-lies/index.html]
[hexacontrol.ca/wp-json/oembed/1.0/embedebc4]
[hexacontrol.ca/solitary-for-romantic-days-celebration-here-is-tips-enjoy/feed/index.html]
[hexacontrol.ca/wp-json/wp/v2/posts/1718.json]
[hexacontrol.ca/wp-json/oembed/1.0/embed7906.json]
[hexacontrol.ca/solitary-for-romantic-days-celebration-here-is-tips-enjoy/index.html]
[hexacontrol.ca/ms-hitch-is-actually-a-no-nonsense-coach-and-matchmaker-exactly-who-works-people-get-a-and-stay-a-hitched/index.html]
[hexacontrol.ca/refused-by-every-girl-how-to-turn-situations-arounda¦/index.html]
[hexacontrol.ca/wp-json/oembed/1.0/embed13cc]
[hexacontrol.ca/wp-json/wp/v2/posts/1706.json]
[hexacontrol.ca/all-of-us-want-like-exactly-why-you-dont-have-to-put-it-in-your-profile/feed/index.html]
[hexacontrol.ca/wp-json/oembed/1.0/embed5597.json]
[hexacontrol.ca/all-of-us-want-like-exactly-why-you-dont-have-to-put-it-in-your-profile/index.html]
[hexacontrol.ca/wp-json/oembed/1.0/embed6eaf]
[hexacontrol.ca/wp-json/wp/v2/posts/1700.json]
[hexacontrol.ca/things-need-before-breaking-up-as-a-result-of-the-gender/feed/index.html]
[hexacontrol.ca/wp-json/oembed/1.0/embed3a7b.json]
[hexacontrol.ca/things-need-before-breaking-up-as-a-result-of-the-gender/index.html]
[hexacontrol.ca/index533f.html]
[hexacontrol.ca/index4fb0.html]
[hexacontrol.ca/indexb83b.html]
[hexacontrol.ca/index9a2e.html]
[hexacontrol.ca/indexa5cb.html]
[hexacontrol.ca/index6a33.html]
[hexacontrol.ca/index320d.html]
[hexacontrol.ca/index1ea8.html]
[hexacontrol.ca/index2a36.html]
[hexacontrol.ca/index195c.html]
[hexacontrol.ca/wp-json/oembed/1.0/embed92ed]
[hexacontrol.ca/wp-json/wp/v2/posts/1852.json]
[hexacontrol.ca/i-made-3million-in-cryptocurrency-and-these-are/feed/index.html]
[hexacontrol.ca/wp-json/oembed/1.0/embed400f.json]
[hexacontrol.ca/wp-json/oembed/1.0/embed75f8]
[hexacontrol.ca/i-made-3million-in-cryptocurrency-and-these-are/index.html]
[hexacontrol.ca/indexc777.html]
[hexacontrol.ca/wp-json/wp/v2/tags/35.json]
[hexacontrol.ca/tag/alarm-system/index.html]
[hexacontrol.ca/tag/alarm-system/feed/index.html]
[hexacontrol.ca/wp-json/wp/v2/tags/26.json]
[hexacontrol.ca/tag/home-automation-company/index.html]
[hexacontrol.ca/tag/home-automation-company/feed/index.html]
[hexacontrol.ca/wp-json/wp/v2/tags/21.json]
[hexacontrol.ca/tag/home-security/index.html]
[hexacontrol.ca/index55fc.html]
[hexacontrol.ca/tag/home-security/feed/index.html]
[hexacontrol.ca/wp-json/wp/v2/tags/23.json]
[hexacontrol.ca/tag/home-automation/index.html]
[hexacontrol.ca/tag/home-automation/feed/index.html]
[hexacontrol.ca/wp-json/wp/v2/tags/28.json]
[hexacontrol.ca/tag/home-security-company/index.html]
[hexacontrol.ca/tag/home-security-company/feed/index.html]
[hexacontrol.ca/wp-json/wp/v2/tags/22.json]
[hexacontrol.ca/tag/wireless-security/index.html]
[hexacontrol.ca/tag/wireless-security/feed/index.html]
[hexacontrol.ca/wp-json/wp/v2/posts/1769.json]
[hexacontrol.ca/plus-500-canada-trading-at-plus-500-for-canadians/feed/index.html]
[hexacontrol.ca/wp-json/oembed/1.0/embed2e87.json]
[hexacontrol.ca/wp-json/oembed/1.0/embed9e98]
[forexbroker-listing.com/wp-content/uploads/2020/12/aafx-image.jpg]
[hexacontrol.ca/plus-500-canada-trading-at-plus-500-for-canadians/index.html]
[hexacontrol.ca/index9ed7.html]
[forexbroker-listing.com/wp-content/uploads/2020/07/octafx-logo.png]
[hexacontrol.ca/wp-json/wp/v2/posts/1686.json]
[hexacontrol.ca/suggestions-for-successful-sweets-daddies-and-babies-relationships/feed/index.html]
[hexacontrol.ca/wp-json/oembed/1.0/embed3bb0.json]
[hexacontrol.ca/wp-json/oembed/1.0/embed7e69]
[img.hmv.co.jp/image/jacket/400/85/8/7/897.jpg]
[pbs.twimg.com/profile_images/985297735015268352/0wZv9jPc_400x400.jpg]
[hexacontrol.ca/suggestions-for-successful-sweets-daddies-and-babies-relationships/index.html]
[hexacontrol.ca/index881d.html]
[hexacontrol.ca/wp-json/wp/v2/posts/1616]
[hexacontrol.ca/wp-json/wp/v2/tags/31.json]
[hexacontrol.ca/tag/body-cameras/index.html]
[hexacontrol.ca/tag/body-cameras/feed/index.html]
[hexacontrol.ca/wp-json/wp/v2/tags/25.json]
[hexacontrol.ca/tag/home-surveillance-system/index.html]
[hexacontrol.ca/tag/home-surveillance-system/feed/index.html]
[hexacontrol.ca/wp-json/wp/v2/tags/20.json]
[hexacontrol.ca/tag/smart-homes/index.html]
[hexacontrol.ca/tag/smart-homes/feed/index.html]
[hexacontrol.ca/wp-json/wp/v2/tags/32.json]
[hexacontrol.ca/tag/spy-cameras/index.html]
[hexacontrol.ca/index1f8d.html]
[hexacontrol.ca/index93ac.html]
[hexacontrol.ca/tag/spy-cameras/feed/index.html]
[hexacontrol.ca/tag/hexa-control/feed/index.html]
[hexacontrol.ca/wp-json/wp/v2/tags/27.json]
[hexacontrol.ca/tag/hexa-control/index.html]
[hexacontrol.ca/wp-json/wp/v2/tags/24.json]
[hexacontrol.ca/tag/surveillance-system/index.html]
[hexacontrol.ca/index082e.html]
[hexacontrol.ca/tag/surveillance-system/feed/index.html]
[hexacontrol.ca/wp-json/wp/v2/tags/30.json]
[hexacontrol.ca/tag/ontario/index.html]
[hexacontrol.ca/tag/ontario/feed/index.html]
[hexacontrol.ca/wp-json/wp/v2/tags/29.json]
[hexacontrol.ca/tag/toronto/index.html]
[hexacontrol.ca/indexf94f.html]
[hexacontrol.ca/tag/toronto/feed/index.html]
[hexacontrol.ca/wp-json/wp/v2/posts/1602.json]
[hexacontrol.ca/the-most-inexpensive-surveillance-systems-in-2022/feed/index.html]
[hexacontrol.ca/wp-json/oembed/1.0/embed9ae1.json]
[hexacontrol.ca/the-most-inexpensive-surveillance-systems-in-2022/index.html]
[hexacontrol.ca/indexe87f.html]
[hexacontrol.ca/index44ed.html]
[hexacontrol.ca/index9625.html]
[hexacontrol.ca/indexff4d.html]
[hexacontrol.ca/index6fe6.html]
[hexacontrol.ca/indexb33f.html]
[hexacontrol.ca/indexf376.html]
[hexacontrol.ca/index7553.html]
[hexacontrol.ca/index8951.html]
[hexacontrol.ca/index65c8.html]
[hexacontrol.ca/index7020.html]
[hexacontrol.ca/indexe41a.html]
[hexacontrol.ca/indexdbcb.html]
[hexacontrol.ca/index6a11.html]
[hexacontrol.ca/index1334.html]
[hexacontrol.ca/indexf549.html]
[hexacontrol.ca/index7a07.html]
[hexacontrol.ca/wp-json/oembed/1.0/embed010a]
[hexacontrol.ca/wp-json/wp/v2/posts/1747.json]
[hexacontrol.ca/luvfree-com-celebrates-the-11th-anniversary-continues-helping-genuine-men-women/feed/index.html]
[hexacontrol.ca/wp-json/oembed/1.0/embed31c4.json]
[hexacontrol.ca/luvfree-com-celebrates-the-11th-anniversary-continues-helping-genuine-men-women/index.html]
[hexacontrol.ca/index4e02.html]
[hexacontrol.ca/author/admin/page/6/index.html]
[hexacontrol.ca/author/admin/page/7/index.html]
[hexacontrol.ca/index1c9c.html]
[hexacontrol.ca/indexb463.html]
[hexacontrol.ca/index1bad.html]
[hexacontrol.ca/indexbda9.html]
[hexacontrol.ca/index6d4c.html]
[hexacontrol.ca/blog/page/7/index.html]
[hexacontrol.ca/blog/page/8/index.html]
[hexacontrol.ca/indexcda3.html]
[hexacontrol.ca/indexb833.html]
[hexacontrol.ca/index086f.html]
[hexacontrol.ca/indexb5db.html]
[hexacontrol.ca/index42dd.html]
[hexacontrol.ca/indexb4f0.html]
[hexacontrol.ca/index08ac.html]
[hexacontrol.ca/indexc573.html]
[hexacontrol.ca/index664d.html]
[hexacontrol.ca/wp-json/oembed/1.0/embedb36e]
